Archive member included to satisfy reference by file (symbol)

E:\WCH_Files\BLE-TEMP-SHT40-CH582F\SRC\StdPeriphDriver\libISP583.a(ISP583.o)
                              ./StdPeriphDriver/CH58x_flash.o (FLASH_EEPROM_CMD)
E:\WCH_Files\BLE-TEMP-SHT40-CH582F\BLE\LIB\libCH58xBLE.a(message.o)
                              ./HAL/MCU.o (tmos_msg_deallocate)
E:\WCH_Files\BLE-TEMP-SHT40-CH582F\BLE\LIB\libCH58xBLE.a(tmos.o)
                              ./Profile/battservice.o (tmos_memcpy)
E:\WCH_Files\BLE-TEMP-SHT40-CH582F\BLE\LIB\libCH58xBLE.a(tmos_hw.o)
                              E:\WCH_Files\BLE-TEMP-SHT40-CH582F\BLE\LIB\libCH58xBLE.a(tmos.o) (bleClock_t)
E:\WCH_Files\BLE-TEMP-SHT40-CH582F\BLE\LIB\libCH58xBLE.a(tmos_snv.o)
                              E:\WCH_Files\BLE-TEMP-SHT40-CH582F\BLE\LIB\libCH58xBLE.a(tmos.o) (tmos_snv_init)
E:\WCH_Files\BLE-TEMP-SHT40-CH582F\BLE\LIB\libCH58xBLE.a(gap.o)
                              ./APP/heartrate.o (GAP_SetParamValue)
E:\WCH_Files\BLE-TEMP-SHT40-CH582F\BLE\LIB\libCH58xBLE.a(gap_central.o)
                              E:\WCH_Files\BLE-TEMP-SHT40-CH582F\BLE\LIB\libCH58xBLE.a(gap.o) (gapProcessPeriodicAdvertisingSyncEstablishedEvt)
E:\WCH_Files\BLE-TEMP-SHT40-CH582F\BLE\LIB\libCH58xBLE.a(gap_peripheral.o)
                              ./APP/heartrate.o (GAP_UpdateAdvertisingData)
E:\WCH_Files\BLE-TEMP-SHT40-CH582F\BLE\LIB\libCH58xBLE.a(gatt.o)
                              ./Profile/battservice.o (GATT_bm_alloc)
E:\WCH_Files\BLE-TEMP-SHT40-CH582F\BLE\LIB\libCH58xBLE.a(gatt_uuid.o)
                              ./Profile/battservice.o (reportRefUUID)
E:\WCH_Files\BLE-TEMP-SHT40-CH582F\BLE\LIB\libCH58xBLE.a(gattclientapp.o)
                              E:\WCH_Files\BLE-TEMP-SHT40-CH582F\BLE\LIB\libCH58xBLE.a(gatt.o) (gattGetClientStatus)
E:\WCH_Files\BLE-TEMP-SHT40-CH582F\BLE\LIB\libCH58xBLE.a(gattservapp.o)
                              ./Profile/battservice.o (GATTServApp_ReadCharCfg)
E:\WCH_Files\BLE-TEMP-SHT40-CH582F\BLE\LIB\libCH58xBLE.a(l2cap.o)
                              E:\WCH_Files\BLE-TEMP-SHT40-CH582F\BLE\LIB\libCH58xBLE.a(gatt.o) (L2CAP_GetMTU)
E:\WCH_Files\BLE-TEMP-SHT40-CH582F\BLE\LIB\libCH58xBLE.a(l2cap_input.o)
                              E:\WCH_Files\BLE-TEMP-SHT40-CH582F\BLE\LIB\libCH58xBLE.a(l2cap.o) (l2capProcessRxData)
E:\WCH_Files\BLE-TEMP-SHT40-CH582F\BLE\LIB\libCH58xBLE.a(l2cap_output.o)
                              E:\WCH_Files\BLE-TEMP-SHT40-CH582F\BLE\LIB\libCH58xBLE.a(l2cap_input.o) (l2capNotifyData)
E:\WCH_Files\BLE-TEMP-SHT40-CH582F\BLE\LIB\libCH58xBLE.a(l2cap_sdu.o)
                              E:\WCH_Files\BLE-TEMP-SHT40-CH582F\BLE\LIB\libCH58xBLE.a(l2cap_input.o) (l2capBuildDisconnectRsp)
E:\WCH_Files\BLE-TEMP-SHT40-CH582F\BLE\LIB\libCH58xBLE.a(linkdb.o)
                              E:\WCH_Files\BLE-TEMP-SHT40-CH582F\BLE\LIB\libCH58xBLE.a(l2cap.o) (linkDB_Init)
E:\WCH_Files\BLE-TEMP-SHT40-CH582F\BLE\LIB\libCH58xBLE.a(sm.o)
                              E:\WCH_Files\BLE-TEMP-SHT40-CH582F\BLE\LIB\libCH58xBLE.a(gap.o) (smFreePairingParams)
E:\WCH_Files\BLE-TEMP-SHT40-CH582F\BLE\LIB\libCH58xBLE.a(sm_initiator.o)
                              E:\WCH_Files\BLE-TEMP-SHT40-CH582F\BLE\LIB\libCH58xBLE.a(sm.o) (smInitiatorSendNextKeyInfo)
E:\WCH_Files\BLE-TEMP-SHT40-CH582F\BLE\LIB\libCH58xBLE.a(sm_pdu.o)
                              E:\WCH_Files\BLE-TEMP-SHT40-CH582F\BLE\LIB\libCH58xBLE.a(sm.o) (smpBuildPairingReq)
E:\WCH_Files\BLE-TEMP-SHT40-CH582F\BLE\LIB\libCH58xBLE.a(sm_responding.o)
                              E:\WCH_Files\BLE-TEMP-SHT40-CH582F\BLE\LIB\libCH58xBLE.a(sm.o) (smResponderSendNextKeyInfo)
E:\WCH_Files\BLE-TEMP-SHT40-CH582F\BLE\LIB\libCH58xBLE.a(sm_toolbox.o)
                              E:\WCH_Files\BLE-TEMP-SHT40-CH582F\BLE\LIB\libCH58xBLE.a(sm.o) (sm_ah)
E:\WCH_Files\BLE-TEMP-SHT40-CH582F\BLE\LIB\libCH58xBLE.a(host_input.o)
                              E:\WCH_Files\BLE-TEMP-SHT40-CH582F\BLE\LIB\libCH58xBLE.a(gap.o) (gBleHostPara)
E:\WCH_Files\BLE-TEMP-SHT40-CH582F\BLE\LIB\libCH58xBLE.a(host_output.o)
                              E:\WCH_Files\BLE-TEMP-SHT40-CH582F\BLE\LIB\libCH58xBLE.a(gap.o) (HCI_DisconnectCmd)
E:\WCH_Files\BLE-TEMP-SHT40-CH582F\BLE\LIB\libCH58xBLE.a(ll_master.o)
                              E:\WCH_Files\BLE-TEMP-SHT40-CH582F\BLE\LIB\libCH58xBLE.a(gap_central.o) (LL_SetDataSendPriority)
E:\WCH_Files\BLE-TEMP-SHT40-CH582F\BLE\LIB\libCH58xBLE.a(ll_pdu.o)
                              E:\WCH_Files\BLE-TEMP-SHT40-CH582F\BLE\LIB\libCH58xBLE.a(ll_master.o) (LL_ConnectionUpdateInd)
E:\WCH_Files\BLE-TEMP-SHT40-CH582F\BLE\LIB\libCH58xBLE.a(ll_scan.o)
                              E:\WCH_Files\BLE-TEMP-SHT40-CH582F\BLE\LIB\libCH58xBLE.a(ll_master.o) (LL_ScanEnable)
E:\WCH_Files\BLE-TEMP-SHT40-CH582F\BLE\LIB\libCH58xBLE.a(ll_sync.o)
                              E:\WCH_Files\BLE-TEMP-SHT40-CH582F\BLE\LIB\libCH58xBLE.a(ll_scan.o) (debug_periodic_tmp)
[...]
Memory Configuration

Name             Origin             Length             Attributes
FLASH            0x0000000000000000 0x0000000000070000 xr
RAM              0x0000000020000000 0x0000000000008000 xrw
*default*        0x0000000000000000 0xffffffffffffffff

Linker script and memory map

LOAD ./StdPeriphDriver/CH58x_adc.o
LOAD ./StdPeriphDriver/CH58x_clk.o
LOAD ./StdPeriphDriver/CH58x_flash.o
LOAD ./StdPeriphDriver/CH58x_gpio.o
LOAD ./StdPeriphDriver/CH58x_i2c.o
LOAD ./StdPeriphDriver/CH58x_pwm.o
LOAD ./StdPeriphDriver/CH58x_pwr.o
LOAD ./StdPeriphDriver/CH58x_spi0.o
LOAD ./StdPeriphDriver/CH58x_spi1.o
LOAD ./StdPeriphDriver/CH58x_sys.o
LOAD ./StdPeriphDriver/CH58x_timer0.o
LOAD ./StdPeriphDriver/CH58x_timer1.o
LOAD ./StdPeriphDriver/CH58x_timer2.o
LOAD ./StdPeriphDriver/CH58x_timer3.o
LOAD ./StdPeriphDriver/CH58x_uart0.o
LOAD ./StdPeriphDriver/CH58x_uart1.o
LOAD ./StdPeriphDriver/CH58x_uart2.o
LOAD ./StdPeriphDriver/CH58x_uart3.o
LOAD ./StdPeriphDriver/CH58x_usb2dev.o
LOAD ./StdPeriphDriver/CH58x_usb2hostBase.o
LOAD ./StdPeriphDriver/CH58x_usb2hostClass.o
LOAD ./StdPeriphDriver/CH58x_usbdev.o
LOAD ./StdPeriphDriver/CH58x_usbhostBase.o
LOAD ./StdPeriphDriver/CH58x_usbhostClass.o
LOAD ./Startup/startup_CH583.o
LOAD ./RVMSIS/core_riscv.o
LOAD ./Profile/battservice.o
LOAD ./Profile/devinfoservice.o
LOAD ./Profile/heartrateservice.o
LOAD ./HAL/MCU.o
LOAD ./HAL/RTC.o
LOAD ./HAL/SLEEP.o
LOAD ./APP/SHT40.o
LOAD ./APP/boot.o
LOAD ./APP/heartrate.o
LOAD ./APP/heartrate_main.o
LOAD ./APP/key.o
LOAD E:\WCH_Files\BLE-TEMP-SHT40-CH582F\SRC\StdPeriphDriver\libISP583.a
LOAD E:\WCH_Files\BLE-TEMP-SHT40-CH582F\BLE\LIB\libCH58xBLE.a
LOAD d:/mounriver/mounriver_studio/toolchain/risc-v embedded gcc/bin/../lib/gcc/riscv-none-embed/8.2.0/rv32imac/ilp32\libgcc.a
LOAD d:/mounriver/mounriver_studio/toolchain/risc-v embedded gcc/bin/../lib/gcc/riscv-none-embed/8.2.0/../../../../riscv-none-embed/lib/rv32imac/ilp32\libg_nano.a
LOAD d:/mounriver/mounriver_studio/toolchain/risc-v embedded gcc/bin/../lib/gcc/riscv-none-embed/8.2.0/../../../../riscv-none-embed/lib/rv32imac/ilp32\libc_nano.a
LOAD d:/mounriver/mounriver_studio/toolchain/risc-v embedded gcc/bin/../lib/gcc/riscv-none-embed/8.2.0/rv32imac/ilp32\libgcc.a
START GROUP
LOAD d:/mounriver/mounriver_studio/toolchain/risc-v embedded gcc/bin/../lib/gcc/riscv-none-embed/8.2.0/rv32imac/ilp32\libgcc.a
LOAD d:/mounriver/mounriver_studio/toolchain/risc-v embedded gcc/bin/../lib/gcc/riscv-none-embed/8.2.0/../../../../riscv-none-embed/lib/rv32imac/ilp32\libc_nano.a
LOAD d:/mounriver/mounriver_studio/toolchain/risc-v embedded gcc/bin/../lib/gcc/riscv-none-embed/8.2.0/../../../../riscv-none-embed/lib/rv32imac/ilp32\libnosys.a
END GROUP
START GROUP
LOAD d:/mounriver/mounriver_studio/toolchain/risc-v embedded gcc/bin/../lib/gcc/riscv-none-embed/8.2.0/rv32imac/ilp32\libgcc.a
LOAD d:/mounriver/mounriver_studio/toolchain/risc-v embedded gcc/bin/../lib/gcc/riscv-none-embed/8.2.0/../../../../riscv-none-embed/lib/rv32imac/ilp32\libc_nano.a
LOAD d:/mounriver/mounriver_studio/toolchain/risc-v embedded gcc/bin/../lib/gcc/riscv-none-embed/8.2.0/../../../../riscv-none-embed/lib/rv32imac/ilp32\libnosys.a
END GROUP

.init           0x0000000000000000        0x4
                0x0000000000000000                _sinit = .
                0x0000000000000000                . = ALIGN (0x4)
 *(SORT_NONE(.init))
 .init          0x0000000000000000        0x4 ./Startup/startup_CH583.o
                0x0000000000000000                _start
                0x0000000000000004                . = ALIGN (0x4)
                0x0000000000000004                _einit = .

.highcodelalign
                0x0000000000000004        0x0
                0x0000000000000004                . = ALIGN (0x4)
                0x0000000000000004                PROVIDE (_highcode_lma = .)

.highcode       0x0000000020000000     0x2830 load address 0x0000000000000004
                0x0000000020000000                . = ALIGN (0x4)
                0x0000000020000000                PROVIDE (_highcode_vma_start = .)
 *(.vector)
 .vector        0x0000000020000000       0x90 ./Startup/startup_CH583.o
 *(SORT_NONE(.vector_handler))
 .vector_handler
                0x0000000020000090        0x2 ./Startup/startup_CH583.o
                0x0000000020000090                GPIOA_IRQHandler
                0x0000000020000090                SysTick_Handler
                0x0000000020000090                NMI_Handler
                0x0000000020000090                UART1_IRQHandler
                0x0000000020000090                UART0_IRQHandler
                0x0000000020000090                BB_IRQHandler
                0x0000000020000090                Break_Point_Handler
                0x0000000020000090                TMR0_IRQHandler
                0x0000000020000090                Ecall_M_Mode_Handler
                0x0000000020000090                UART2_IRQHandler
                0x0000000020000090                PWMX_IRQHandler
                0x0000000020000090                ADC_IRQHandler
                0x0000000020000090                TMR2_IRQHandler
                0x0000000020000090                USB_IRQHandler
                0x0000000020000090                I2C_IRQHandler
                0x0000000020000090                USB2_IRQHandler
                0x0000000020000090                LLE_IRQHandler
                0x0000000020000090                WDOG_BAT_IRQHandler
                0x0000000020000090                Ecall_U_Mode_Handler
                0x0000000020000090                TMR3_IRQHandler
                0x0000000020000090                SW_Handler
                0x0000000020000090                SPI0_IRQHandler
                0x0000000020000090                UART3_IRQHandler
                0x0000000020000090                TMR1_IRQHandler
 *(.highcode)
 .highcode      0x0000000020000092      0x662 ./StdPeriphDriver/CH58x_pwr.o
                0x0000000020000092                LowPower_Idle
                0x00000000200000d2                LowPower_Halt
                0x0000000020000298                LowPower_Sleep
                0x00000000200004c2                LowPower_Shutdown
 .highcode      0x00000000200006f4      0x4ec ./StdPeriphDriver/CH58x_sys.o
                0x00000000200006f4                SetSysClock
                0x0000000020000a7a                SYS_ResetExecute
                0x0000000020000aec                HardFault_Handler
                0x0000000020000baa                mDelayuS
                0x0000000020000bb8                mDelaymS
 .highcode      0x0000000020000be0       0x16 ./HAL/RTC.o
                0x0000000020000be0                RTC_IRQHandler
 .highcode      0x0000000020000bf6       0x4a ./APP/boot.o
                0x0000000020000bf6                APPJumpBoot
 .highcode      0x0000000020000c40       0xda ./APP/heartrate.o
                0x0000000020000c40                float_to_str
                0x0000000020000cb8                start_read_sht40
                0x0000000020000cc0                update_adv
 .highcode      0x0000000020000d1a        0x8 ./APP/heartrate_main.o
                0x0000000020000d1a                Main_Circulation
 .highcode      0x0000000020000d22       0x20 ./APP/key.o
                0x0000000020000d22                GPIOB_IRQHandler
 .highcode      0x0000000020000d42      0x426 E:\WCH_Files\BLE-TEMP-SHT40-CH582F\SRC\StdPeriphDriver\libISP583.a(ISP583.o)
                0x0000000020000d42                FLASH_ROM_BEG
                0x0000000020000d54                FLASH_ROM_END
                0x0000000020000d62                FLASH_ROM_IN
                0x0000000020000d70                FLASH_ROM_OUT
                0x0000000020000d7e                FLASH_ROM_ADDR
                0x0000000020000dc6                FLASH_ROM_WAIT
                0x0000000020000dfe                FLASH_EEPROM_CMD
 .highcode      0x0000000020001168      0x430 E:\WCH_Files\BLE-TEMP-SHT40-CH582F\BLE\LIB\libCH58xBLE.a(tmos.o)
                0x0000000020001168                tmos_memcpy
                0x0000000020001188                tmos_memcpy_word
                0x00000000200011a0                tmos_memset
                0x00000000200011b2                tmos_strlen
                0x00000000200011c6                tmos_memdup
                0x00000000200011f8                tmos_memcmp
                0x0000000020001226                tmos_revmemcpy
                0x0000000020001242                tmos_isbufset
                0x0000000020001264                tmos_proces_system_time
                0x00000000200013a8                TMOS_SystemProcess
 .highcode      0x0000000020001598       0x50 E:\WCH_Files\BLE-TEMP-SHT40-CH582F\BLE\LIB\libCH58xBLE.a(tmos_hw.o)
                0x00000000200015e2                TMOS_TimerIRQHandler
 .highcode      0x00000000200015e8       0x4e E:\WCH_Files\BLE-TEMP-SHT40-CH582F\BLE\LIB\libCH58xBLE.a(ll_whitelist.o)
                0x00000000200015e8                LL_WhitelistLookup
 .highcode      0x0000000020001636      0x1b6 E:\WCH_Files\BLE-TEMP-SHT40-CH582F\BLE\LIB\libCH58xBLE.a(aes.o)
                0x0000000020001636                AES_DevAESEnc
 .highcode      0x00000000200017ec      0x15a E:\WCH_Files\BLE-TEMP-SHT40-CH582F\BLE\LIB\libCH58xBLE.a(bb.o)
                0x00000000200017ec                BB_IRQLibHandler
                0x00000000200018fc                BB_IRQLibFunction
 .highcode      0x0000000020001946      0x38c E:\WCH_Files\BLE-TEMP-SHT40-CH582F\BLE\LIB\libCH58xBLE.a(ip.o)
                0x0000000020001946                ll_rx_wait_finish
                0x0000000020001984                ble_ll_chkcrc
                0x0000000020001a26                ll_tx_wait_finish
                0x0000000020001b2e                BLE_CheckHoppingMap
 .highcode      0x0000000020001cd2      0x23c E:\WCH_Files\BLE-TEMP-SHT40-CH582F\BLE\LIB\libCH58xBLE.a(lle.o)
                0x0000000020001cd2                LLE_IRQLibHandler
                0x0000000020001ec4                LLE_IRQLibFunction
 .highcode      0x0000000020001f0e       0x3a E:\WCH_Files\BLE-TEMP-SHT40-CH582F\BLE\LIB\libCH58xBLE.a(rfend.o)
                0x0000000020001f0e                RFEND_WaitTune
 .highcode      0x0000000020001f48      0x1ba E:\WCH_Files\BLE-TEMP-SHT40-CH582F\BLE\LIB\libCH58xBLE.a(memory.o)
                0x0000000020001f48                tmos_memory_allocate
                0x000000002000201a                tmos_memory_free
 .highcode      0x0000000020002102      0x2e6 E:\WCH_Files\BLE-TEMP-SHT40-CH582F\BLE\LIB\libCH58xBLE.a(ll_connect.o)
                0x0000000020002102                ll_connect_send_data
                0x000000002000222e                ll_connect_recv_data
                0x000000002000230e                ll_connect_event_continue
                0x00000000200023d8                ll_wait_connect_event
 .highcode      0x00000000200023e8      0x310 E:\WCH_Files\BLE-TEMP-SHT40-CH582F\BLE\LIB\libCH58xBLE.a(ll_hop.o)
                0x00000000200023e8                LL_HopGetChannel
                0x000000002000248e                LL_HopGetChannel2
 .highcode      0x00000000200026f8      0x138 E:\WCH_Files\BLE-TEMP-SHT40-CH582F\BLE\LIB\libCH58xBLE.a(ll_resolvinglist.o)
                0x00000000200026f8                ll_resolvinglist_checkRPA
                0x0000000020002764                LL_ResolvinglistPeerIdentifyAddressGetIrk
                0x00000000200027b8                LL_ResolvinglistPeerRpaAddressGetIrk
                0x00000000200027f4                LL_ResolvinglistLocalRpaAddressGetIrk
 *(.highcode.*)
                0x0000000020002830                . = ALIGN (0x4)
                0x0000000020002830                PROVIDE (_highcode_vma_end = .)

.text           0x0000000000002838    0x2280c
                0x0000000000002838                . = ALIGN (0x4)
 *(SORT_NONE(.handle_reset))
 .handle_reset  0x0000000000002838       0xae ./Startup/startup_CH583.o
                0x0000000000002838                handle_reset
 *(.text)
 *(.text.*)
 .text.HSECFG_Current
                0x00000000000028e6       0x68 ./StdPeriphDriver/CH58x_clk.o
                0x00000000000028e6                HSECFG_Current
 .text.RTC_InitTime
                0x000000000000294e      0x204 ./StdPeriphDriver/CH58x_clk.o
                0x000000000000294e                RTC_InitTime
 .text.RTC_GetCycle32k
                0x0000000000002b52       0x18 ./StdPeriphDriver/CH58x_clk.o
                0x0000000000002b52                RTC_GetCycle32k
 .text.Calibration_LSI
                0x0000000000002b6a      0x81e ./StdPeriphDriver/CH58x_clk.o
                0x0000000000002b6a                Calibration_LSI
 .text.GPIOA_ModeCfg
                0x0000000000003388       0xa6 ./StdPeriphDriver/CH58x_gpio.o
                0x0000000000003388                GPIOA_ModeCfg
 .text.GPIOB_ModeCfg
                0x000000000000342e       0xa6 ./StdPeriphDriver/CH58x_gpio.o
                0x000000000000342e                GPIOB_ModeCfg
 .text.PWR_DCDCCfg
                0x00000000000034d4      0x13c ./StdPeriphDriver/CH58x_pwr.o
                0x00000000000034d4                PWR_DCDCCfg
 .text.GetSysClock
                0x0000000000003610       0x42 ./StdPeriphDriver/CH58x_sys.o
                0x0000000000003610                GetSysClock
 .text.SYS_DisableAllIrq
                0x0000000000003652       0x1c ./StdPeriphDriver/CH58x_sys.o
                0x0000000000003652                SYS_DisableAllIrq
 .text.SYS_RecoverIrq
                0x000000000000366e       0x14 ./StdPeriphDriver/CH58x_sys.o
                0x000000000000366e                SYS_RecoverIrq
 .text.SYS_GetSysTickCnt
                0x0000000000003682        0xa ./StdPeriphDriver/CH58x_sys.o
                0x0000000000003682                SYS_GetSysTickCnt
 .text.HAL_ProcessEvent
                0x000000000000368c       0x4e ./HAL/MCU.o
                0x000000000000368c                HAL_ProcessEvent
 .text.Lib_Calibration_LSI
                0x00000000000036da        0x6 ./HAL/MCU.o
                0x00000000000036da                Lib_Calibration_LSI
 .text.CH58X_BLEInit
                0x00000000000036e0       0xcc ./HAL/MCU.o
                0x00000000000036e0                CH58X_BLEInit
 .text.HAL_Init
                0x00000000000037ac       0x1c ./HAL/MCU.o
                0x00000000000037ac                HAL_Init
 .text.RTC_SetTignTime
                0x00000000000037c8       0x5a ./HAL/RTC.o
                0x00000000000037c8                RTC_SetTignTime
 .text.HAL_TimeInit
                0x0000000000003822       0xda ./HAL/RTC.o
                0x0000000000003822                HAL_TimeInit
 .text.CH58X_LowPower
                0x00000000000038fc       0x88 ./HAL/SLEEP.o
                0x00000000000038fc                CH58X_LowPower
 .text.HAL_SleepInit
                0x0000000000003984       0xc6 ./HAL/SLEEP.o
                0x0000000000003984                HAL_SleepInit
 .text.IIC_Deinit
                0x0000000000003a4a        0x6 ./APP/SHT40.o
                0x0000000000003a4a                IIC_Deinit
 .text.SDA_IN   0x0000000000003a50        0x6 ./APP/SHT40.o
                0x0000000000003a50                SDA_IN
 .text.SDA_OUT  0x0000000000003a56        0x6 ./APP/SHT40.o
                0x0000000000003a56                SDA_OUT
 .text.SCL_HIGH
                0x0000000000003a5c       0x12 ./APP/SHT40.o
                0x0000000000003a5c                SCL_HIGH
 .text.SCL_LOW  0x0000000000003a6e       0x12 ./APP/SHT40.o
                0x0000000000003a6e                SCL_LOW
 .text.SDA_HIGH
                0x0000000000003a80       0x12 ./APP/SHT40.o
                0x0000000000003a80                SDA_HIGH
 .text.IIC_Init
                0x0000000000003a92       0x12 ./APP/SHT40.o
                0x0000000000003a92                IIC_Init
 .text.IIC_NAck
                0x0000000000003aa4       0x26 ./APP/SHT40.o
                0x0000000000003aa4                IIC_NAck
 .text.SDA_LOW  0x0000000000003aca       0x12 ./APP/SHT40.o
                0x0000000000003aca                SDA_LOW
 .text.IIC_Start
                0x0000000000003adc       0x26 ./APP/SHT40.o
                0x0000000000003adc                IIC_Start
 .text.IIC_Stop
                0x0000000000003b02       0x26 ./APP/SHT40.o
                0x0000000000003b02                IIC_Stop
 .text.IIC_Ack  0x0000000000003b28       0x26 ./APP/SHT40.o
                0x0000000000003b28                IIC_Ack
 .text.IIC_Send_Byte
                0x0000000000003b4e       0x5a ./APP/SHT40.o
                0x0000000000003b4e                IIC_Send_Byte
 .text.READ_SDA
                0x0000000000003ba8        0xe ./APP/SHT40.o
                0x0000000000003ba8                READ_SDA
 .text.IIC_Wait_Ack
                0x0000000000003bb6       0x44 ./APP/SHT40.o
                0x0000000000003bb6                IIC_Wait_Ack
 .text.readSHT40_step1
                0x0000000000003bfa       0x22 ./APP/SHT40.o
                0x0000000000003bfa                readSHT40_step1
 .text.IIC_Read_Byte
                0x0000000000003c1c       0x5a ./APP/SHT40.o
                0x0000000000003c1c                IIC_Read_Byte
 .text.readSHT40_step2
                0x0000000000003c76      0x12e ./APP/SHT40.o
                0x0000000000003c76                readSHT40_step2
 .text.HeartRate_ProcessEvent
                0x0000000000003da4       0x8c ./APP/heartrate.o
                0x0000000000003da4                HeartRate_ProcessEvent
 .text.HeartRate_Init
                0x0000000000003e30       0x9a ./APP/heartrate.o
                0x0000000000003e30                HeartRate_Init
 .text.readv    0x0000000000003eca       0x82 ./APP/heartrate.o
                0x0000000000003eca                readv
 .text.HeartRateGapStateCB
                0x0000000000003f4c       0x36 ./APP/heartrate.o
 .text.startup.main
                0x0000000000003f82       0x3c ./APP/heartrate_main.o
                0x0000000000003f82                main
 .text.tmos_msg_enqueue
                0x0000000000003fbe       0x1e E:\WCH_Files\BLE-TEMP-SHT40-CH582F\BLE\LIB\libCH58xBLE.a(message.o)
                0x0000000000003fbe                tmos_msg_enqueue
 .text.tmos_msg_deallocate
                0x0000000000003fdc       0x2c E:\WCH_Files\BLE-TEMP-SHT40-CH582F\BLE\LIB\libCH58xBLE.a(message.o)
                0x0000000000003fdc                tmos_msg_deallocate
 .text.tmos_msg_allocate
                0x0000000000004008       0x46 E:\WCH_Files\BLE-TEMP-SHT40-CH582F\BLE\LIB\libCH58xBLE.a(message.o)
                0x0000000000004008                tmos_msg_allocate
 .text.tmos_msg_receive
                0x000000000000404e       0x70 E:\WCH_Files\BLE-TEMP-SHT40-CH582F\BLE\LIB\libCH58xBLE.a(message.o)
                0x000000000000404e                tmos_msg_receive
 .text.tmos_msg_send
                0x00000000000040be       0x60 E:\WCH_Files\BLE-TEMP-SHT40-CH582F\BLE\LIB\libCH58xBLE.a(message.o)
                0x00000000000040be                tmos_msg_send
 .text.tmos_msg_init
                0x000000000000411e        0xa E:\WCH_Files\BLE-TEMP-SHT40-CH582F\BLE\LIB\libCH58xBLE.a(message.o)
                0x000000000000411e                tmos_msg_init
 .text.tmosFindTask
                0x0000000000004128       0x24 E:\WCH_Files\BLE-TEMP-SHT40-CH582F\BLE\LIB\libCH58xBLE.a(tmos.o)
 .text.TMOS_CB_PeriodicProcessEvent
                0x000000000000414c       0x86 E:\WCH_Files\BLE-TEMP-SHT40-CH582F\BLE\LIB\libCH58xBLE.a(tmos.o)
                0x000000000000414c                TMOS_CB_PeriodicProcessEvent
 .text.TMOS_CB_ProcessEvent
                0x00000000000041d2       0x80 E:\WCH_Files\BLE-TEMP-SHT40-CH582F\BLE\LIB\libCH58xBLE.a(tmos.o)
                0x00000000000041d2                TMOS_CB_ProcessEvent
 .text.tmos_rand
                0x0000000000004252       0x52 E:\WCH_Files\BLE-TEMP-SHT40-CH582F\BLE\LIB\libCH58xBLE.a(tmos.o)
                0x0000000000004252                tmos_rand
 .text.tmos_start_periodic_callback_task
                0x00000000000042a4       0xea E:\WCH_Files\BLE-TEMP-SHT40-CH582F\BLE\LIB\libCH58xBLE.a(tmos.o)
                0x00000000000042a4                tmos_start_periodic_callback_task
 .text.tmos_set_event
                0x000000000000438e       0x2e E:\WCH_Files\BLE-TEMP-SHT40-CH582F\BLE\LIB\libCH58xBLE.a(tmos.o)
                0x000000000000438e                tmos_set_event
 .text.tmos_clear_event
                0x00000000000043bc       0x32 E:\WCH_Files\BLE-TEMP-SHT40-CH582F\BLE\LIB\libCH58xBLE.a(tmos.o)
                0x00000000000043bc                tmos_clear_event
 .text.tmos_update_callback_timer
                0x00000000000043ee       0xc2 E:\WCH_Files\BLE-TEMP-SHT40-CH582F\BLE\LIB\libCH58xBLE.a(tmos.o)
                0x00000000000043ee                tmos_update_callback_timer
 .text.tmos_update_periodic_callback_timer
                0x00000000000044b0       0x5e E:\WCH_Files\BLE-TEMP-SHT40-CH582F\BLE\LIB\libCH58xBLE.a(tmos.o)
                0x00000000000044b0                tmos_update_periodic_callback_timer
 .text.tmos_start_task
                0x000000000000450e      0x132 E:\WCH_Files\BLE-TEMP-SHT40-CH582F\BLE\LIB\libCH58xBLE.a(tmos.o)
                0x000000000000450e                tmos_start_task
 .text.tmos_start_callback_task
                0x0000000000004640       0x9a E:\WCH_Files\BLE-TEMP-SHT40-CH582F\BLE\LIB\libCH58xBLE.a(tmos.o)
                0x0000000000004640                tmos_start_callback_task
 .text.tmos_start_reload_task
                0x00000000000046da       0x56 E:\WCH_Files\BLE-TEMP-SHT40-CH582F\BLE\LIB\libCH58xBLE.a(tmos.o)
                0x00000000000046da                tmos_start_reload_task
 .text.tmos_stop_task
                0x0000000000004730       0x50 E:\WCH_Files\BLE-TEMP-SHT40-CH582F\BLE\LIB\libCH58xBLE.a(tmos.o)
                0x0000000000004730                tmos_stop_task
 .text.tmos_stop_callback_task
                0x0000000000004780       0x5a E:\WCH_Files\BLE-TEMP-SHT40-CH582F\BLE\LIB\libCH58xBLE.a(tmos.o)
                0x0000000000004780                tmos_stop_callback_task
 .text.tmos_get_task_timer
                0x00000000000047da       0x62 E:\WCH_Files\BLE-TEMP-SHT40-CH582F\BLE\LIB\libCH58xBLE.a(tmos.o)
                0x00000000000047da                tmos_get_task_timer
 .text.tmos_proces_sleep
                0x000000000000483c       0xd0 E:\WCH_Files\BLE-TEMP-SHT40-CH582F\BLE\LIB\libCH58xBLE.a(tmos.o)
                0x000000000000483c                tmos_proces_sleep
 .text.TMOS_TimerRegister
                0x000000000000490c       0x1e E:\WCH_Files\BLE-TEMP-SHT40-CH582F\BLE\LIB\libCH58xBLE.a(tmos.o)
                0x000000000000490c                TMOS_TimerRegister
 .text.TMOS_ProcessRegister
                0x000000000000492a       0x16 E:\WCH_Files\BLE-TEMP-SHT40-CH582F\BLE\LIB\libCH58xBLE.a(tmos.o)
                0x000000000000492a                TMOS_ProcessRegister
 .text.TMOS_Init
                0x0000000000004940      0x12e E:\WCH_Files\BLE-TEMP-SHT40-CH582F\BLE\LIB\libCH58xBLE.a(tmos.o)
                0x0000000000004940                TMOS_Init
 .text.TMOS_ProcessEventRegister
                0x0000000000004a6e       0x3c E:\WCH_Files\BLE-TEMP-SHT40-CH582F\BLE\LIB\libCH58xBLE.a(tmos.o)
                0x0000000000004a6e                TMOS_ProcessEventRegister
 .text.BLE_LibInit
                0x0000000000004aaa      0x17c E:\WCH_Files\BLE-TEMP-SHT40-CH582F\BLE\LIB\libCH58xBLE.a(tmos.o)
                0x0000000000004aaa                BLE_LibInit
 .text.clockGetTickValve
                0x0000000000004c26       0x7e E:\WCH_Files\BLE-TEMP-SHT40-CH582F\BLE\LIB\libCH58xBLE.a(tmos_hw.o)
 .text.ll_get_sca_divisor
                0x0000000000004ca4       0x40 E:\WCH_Files\BLE-TEMP-SHT40-CH582F\BLE\LIB\libCH58xBLE.a(tmos_hw.o)
                0x0000000000004ca4                ll_get_sca_divisor
 .text.ll_get_sca_own
                0x0000000000004ce4       0x46 E:\WCH_Files\BLE-TEMP-SHT40-CH582F\BLE\LIB\libCH58xBLE.a(tmos_hw.o)
                0x0000000000004ce4                ll_get_sca_own
 .text.ble_ll_common_rand8
                0x0000000000004d2a       0x24 E:\WCH_Files\BLE-TEMP-SHT40-CH582F\BLE\LIB\libCH58xBLE.a(tmos_hw.o)
                0x0000000000004d2a                ble_ll_common_rand8
 .text.ble_ll_common_rand16
                0x0000000000004d4e       0x24 E:\WCH_Files\BLE-TEMP-SHT40-CH582F\BLE\LIB\libCH58xBLE.a(tmos_hw.o)
                0x0000000000004d4e                ble_ll_common_rand16
 .text.ble_ll_common_rand32
                0x0000000000004d72       0x20 E:\WCH_Files\BLE-TEMP-SHT40-CH582F\BLE\LIB\libCH58xBLE.a(tmos_hw.o)
                0x0000000000004d72                ble_ll_common_rand32
 .text.TMOS_TempSample
                0x0000000000004d92       0x62 E:\WCH_Files\BLE-TEMP-SHT40-CH582F\BLE\LIB\libCH58xBLE.a(tmos_hw.o)
                0x0000000000004d92                TMOS_TempSample
 .text.TMOS_TimerInit
                0x0000000000004df4      0x142 E:\WCH_Files\BLE-TEMP-SHT40-CH582F\BLE\LIB\libCH58xBLE.a(tmos_hw.o)
                0x0000000000004df4                TMOS_TimerInit
 .text.tmos_snv_init
                0x0000000000004f36       0xc0 E:\WCH_Files\BLE-TEMP-SHT40-CH582F\BLE\LIB\libCH58xBLE.a(tmos_snv.o)
                0x0000000000004f36                tmos_snv_init
 .text.tmos_snv_read
                0x0000000000004ff6      0x292 E:\WCH_Files\BLE-TEMP-SHT40-CH582F\BLE\LIB\libCH58xBLE.a(tmos_snv.o)
                0x0000000000004ff6                tmos_snv_read
 .text.tmos_snv_notify
                0x0000000000005288       0x5a E:\WCH_Files\BLE-TEMP-SHT40-CH582F\BLE\LIB\libCH58xBLE.a(tmos_snv.o)
                0x0000000000005288                tmos_snv_notify
 .text.tmos_snv_write
                0x00000000000052e2      0x2ce E:\WCH_Files\BLE-TEMP-SHT40-CH582F\BLE\LIB\libCH58xBLE.a(tmos_snv.o)
                0x00000000000052e2                tmos_snv_write
 .text.tmos_snv_compact
                0x00000000000055b0        0x4 E:\WCH_Files\BLE-TEMP-SHT40-CH582F\BLE\LIB\libCH58xBLE.a(tmos_snv.o)
                0x00000000000055b0                tmos_snv_compact
 .text.disconnectNext
                0x00000000000055b4       0x22 E:\WCH_Files\BLE-TEMP-SHT40-CH582F\BLE\LIB\libCH58xBLE.a(gap.o)
 .text.GAP_ParamInit
                0x00000000000055d6      0x168 E:\WCH_Files\BLE-TEMP-SHT40-CH582F\BLE\LIB\libCH58xBLE.a(gap.o)
                0x00000000000055d6                GAP_ParamInit
 .text.sendTerminateEvent
                0x000000000000573e       0x58 E:\WCH_Files\BLE-TEMP-SHT40-CH582F\BLE\LIB\libCH58xBLE.a(gap.o)
                0x000000000000573e                sendTerminateEvent
 .text.gapRegisterCentral
                0x0000000000005796        0x6 E:\WCH_Files\BLE-TEMP-SHT40-CH582F\BLE\LIB\libCH58xBLE.a(gap.o)
                0x0000000000005796                gapRegisterCentral
 .text.gapRegisterCentralConn
                0x000000000000579c        0x6 E:\WCH_Files\BLE-TEMP-SHT40-CH582F\BLE\LIB\libCH58xBLE.a(gap.o)
                0x000000000000579c                gapRegisterCentralConn
 .text.gapRegisterPeripheral
                0x00000000000057a2        0x6 E:\WCH_Files\BLE-TEMP-SHT40-CH582F\BLE\LIB\libCH58xBLE.a(gap.o)
                0x00000000000057a2                gapRegisterPeripheral
 .text.gapRegisterPeripheralConn
                0x00000000000057a8        0x6 E:\WCH_Files\BLE-TEMP-SHT40-CH582F\BLE\LIB\libCH58xBLE.a(gap.o)
                0x00000000000057a8                gapRegisterPeripheralConn
 .text.smGenerateRandBuf
                0x00000000000057ae       0x56 E:\WCH_Files\BLE-TEMP-SHT40-CH582F\BLE\LIB\libCH58xBLE.a(gap.o)
                0x00000000000057ae                smGenerateRandBuf
 .text.gapL2capConnParamUpdateReq
                0x0000000000005804       0x36 E:\WCH_Files\BLE-TEMP-SHT40-CH582F\BLE\LIB\libCH58xBLE.a(gap.o)
                0x0000000000005804                gapL2capConnParamUpdateReq
 .text.gapValidADType
                0x000000000000583a       0x16 E:\WCH_Files\BLE-TEMP-SHT40-CH582F\BLE\LIB\libCH58xBLE.a(gap.o)
                0x000000000000583a                gapValidADType
 .text.gapFindADType
                0x0000000000005850       0x92 E:\WCH_Files\BLE-TEMP-SHT40-CH582F\BLE\LIB\libCH58xBLE.a(gap.o)
                0x0000000000005850                gapFindADType
 .text.GAP_SecParamsInit
                0x00000000000058e2       0xaa E:\WCH_Files\BLE-TEMP-SHT40-CH582F\BLE\LIB\libCH58xBLE.a(gap.o)
                0x00000000000058e2                GAP_SecParamsInit
 .text.GAP_ParamsInit
                0x000000000000598c       0x50 E:\WCH_Files\BLE-TEMP-SHT40-CH582F\BLE\LIB\libCH58xBLE.a(gap.o)
                0x000000000000598c                GAP_ParamsInit
 .text.gapAddAddrAdj
                0x00000000000059dc       0x48 E:\WCH_Files\BLE-TEMP-SHT40-CH582F\BLE\LIB\libCH58xBLE.a(gap.o)
                0x00000000000059dc                gapAddAddrAdj
 .text.gapDetermineAddrType
                0x0000000000005a24       0x28 E:\WCH_Files\BLE-TEMP-SHT40-CH582F\BLE\LIB\libCH58xBLE.a(gap.o)
                0x0000000000005a24                gapDetermineAddrType
 .text.gapFreeAuthLink
                0x0000000000005a4c       0x4a E:\WCH_Files\BLE-TEMP-SHT40-CH582F\BLE\LIB\libCH58xBLE.a(gap.o)
                0x0000000000005a4c                gapFreeAuthLink
 .text.gapGetDevAddress
                0x0000000000005a96       0x24 E:\WCH_Files\BLE-TEMP-SHT40-CH582F\BLE\LIB\libCH58xBLE.a(gap.o)
                0x0000000000005a96                gapGetDevAddress
 .text.gapGetDevAddressMode
                0x0000000000005aba        0xa E:\WCH_Files\BLE-TEMP-SHT40-CH582F\BLE\LIB\libCH58xBLE.a(gap.o)
                0x0000000000005aba                gapGetDevAddressMode
 .text.gapGetIRK
                0x0000000000005ac4        0xc E:\WCH_Files\BLE-TEMP-SHT40-CH582F\BLE\LIB\libCH58xBLE.a(gap.o)
                0x0000000000005ac4                gapGetIRK
 .text.gapGetSRK
                0x0000000000005ad0        0xc E:\WCH_Files\BLE-TEMP-SHT40-CH582F\BLE\LIB\libCH58xBLE.a(gap.o)
                0x0000000000005ad0                gapGetSRK
 .text.gapGetSignCounter
                0x0000000000005adc        0xe E:\WCH_Files\BLE-TEMP-SHT40-CH582F\BLE\LIB\libCH58xBLE.a(gap.o)
                0x0000000000005adc                gapGetSignCounter
 .text.gapIncSignCounter
                0x0000000000005aea       0x28 E:\WCH_Files\BLE-TEMP-SHT40-CH582F\BLE\LIB\libCH58xBLE.a(gap.o)
                0x0000000000005aea                gapIncSignCounter
 .text.gapProcessConnEvt
                0x0000000000005b12       0x48 E:\WCH_Files\BLE-TEMP-SHT40-CH582F\BLE\LIB\libCH58xBLE.a(gap.o)
                0x0000000000005b12                gapProcessConnEvt
 .text.gapProcessDisconnectCompleteEvt
                0x0000000000005b5a       0xa8 E:\WCH_Files\BLE-TEMP-SHT40-CH582F\BLE\LIB\libCH58xBLE.a(gap.o)
                0x0000000000005b5a                gapProcessDisconnectCompleteEvt
 .text.sendAuthEvent
                0x0000000000005c02      0x11e E:\WCH_Files\BLE-TEMP-SHT40-CH582F\BLE\LIB\libCH58xBLE.a(gap.o)
                0x0000000000005c02                sendAuthEvent
 .text.gapSendBondCompleteEvent
                0x0000000000005d20       0x74 E:\WCH_Files\BLE-TEMP-SHT40-CH582F\BLE\LIB\libCH58xBLE.a(gap.o)
                0x0000000000005d20                gapSendBondCompleteEvent
 .text.gapSendPairingReqEvent
                0x0000000000005d94       0x96 E:\WCH_Files\BLE-TEMP-SHT40-CH582F\BLE\LIB\libCH58xBLE.a(gap.o)
                0x0000000000005d94                gapSendPairingReqEvent
 .text.gapSendSlaveSecurityReqEvent
                0x0000000000005e2a       0x68 E:\WCH_Files\BLE-TEMP-SHT40-CH582F\BLE\LIB\libCH58xBLE.a(gap.o)
                0x0000000000005e2a                gapSendSlaveSecurityReqEvent
 .text.gapSendDeviceInitDoneEvent
                0x0000000000005e92       0x88 E:\WCH_Files\BLE-TEMP-SHT40-CH582F\BLE\LIB\libCH58xBLE.a(gap.o)
                0x0000000000005e92                gapSendDeviceInitDoneEvent
 .text.gapSendLinkUpdateEvent
                0x0000000000005f1a       0xb2 E:\WCH_Files\BLE-TEMP-SHT40-CH582F\BLE\LIB\libCH58xBLE.a(gap.o)
                0x0000000000005f1a                gapSendLinkUpdateEvent
 .text.gapSendPhyUpdateEvent
                0x0000000000005fcc       0x58 E:\WCH_Files\BLE-TEMP-SHT40-CH582F\BLE\LIB\libCH58xBLE.a(gap.o)
                0x0000000000005fcc                gapSendPhyUpdateEvent
 .text.gapSendEstLinkEvent
                0x0000000000006024       0xbc E:\WCH_Files\BLE-TEMP-SHT40-CH582F\BLE\LIB\libCH58xBLE.a(gap.o)
                0x0000000000006024                gapSendEstLinkEvent
 .text.gapProcessNewAddr
                0x00000000000060e0       0x3e E:\WCH_Files\BLE-TEMP-SHT40-CH582F\BLE\LIB\libCH58xBLE.a(gap.o)
                0x00000000000060e0                gapProcessNewAddr
 .text.gapProcessRandomAddrComplete
                0x000000000000611e       0xb6 E:\WCH_Files\BLE-TEMP-SHT40-CH582F\BLE\LIB\libCH58xBLE.a(gap.o)
                0x000000000000611e                gapProcessRandomAddrComplete
 .text.GAP_Authenticate
                0x00000000000061d4       0xde E:\WCH_Files\BLE-TEMP-SHT40-CH582F\BLE\LIB\libCH58xBLE.a(gap.o)
                0x00000000000061d4                GAP_Authenticate
 .text.GAP_Bond
                0x00000000000062b2       0xaa E:\WCH_Files\BLE-TEMP-SHT40-CH582F\BLE\LIB\libCH58xBLE.a(gap.o)
                0x00000000000062b2                GAP_Bond
 .text.GAP_GetParamValue
                0x000000000000635c       0x20 E:\WCH_Files\BLE-TEMP-SHT40-CH582F\BLE\LIB\libCH58xBLE.a(gap.o)
                0x000000000000635c                GAP_GetParamValue
 .text.GAP_PasscodeUpdate
                0x000000000000637c       0x54 E:\WCH_Files\BLE-TEMP-SHT40-CH582F\BLE\LIB\libCH58xBLE.a(gap.o)
                0x000000000000637c                GAP_PasscodeUpdate
 .text.GAP_RegisterForMsgs
                0x00000000000063d0        0xa E:\WCH_Files\BLE-TEMP-SHT40-CH582F\BLE\LIB\libCH58xBLE.a(gap.o)
                0x00000000000063d0                GAP_RegisterForMsgs
 .text.GAP_ResolvePrivateAddr
                0x00000000000063da        0x4 E:\WCH_Files\BLE-TEMP-SHT40-CH582F\BLE\LIB\libCH58xBLE.a(gap.o)
                0x00000000000063da                GAP_ResolvePrivateAddr
 .text.gapPairingCompleteCB
                0x00000000000063de      0x18c E:\WCH_Files\BLE-TEMP-SHT40-CH582F\BLE\LIB\libCH58xBLE.a(gap.o)
                0x00000000000063de                gapPairingCompleteCB
 .text.gapPasskeyNeededCB
                0x000000000000656a       0x8e E:\WCH_Files\BLE-TEMP-SHT40-CH582F\BLE\LIB\libCH58xBLE.a(gap.o)
                0x000000000000656a                gapPasskeyNeededCB
 .text.gapOobNeededCB
                0x00000000000065f8       0xa6 E:\WCH_Files\BLE-TEMP-SHT40-CH582F\BLE\LIB\libCH58xBLE.a(gap.o)
                0x00000000000065f8                gapOobNeededCB
 .text.gapFreeEstLink
                0x000000000000669e       0x20 E:\WCH_Files\BLE-TEMP-SHT40-CH582F\BLE\LIB\libCH58xBLE.a(gap.o)
                0x000000000000669e                gapFreeEstLink
 .text.gapUpdateConnSignCounter
                0x00000000000066be       0x7a E:\WCH_Files\BLE-TEMP-SHT40-CH582F\BLE\LIB\libCH58xBLE.a(gap.o)
                0x00000000000066be                gapUpdateConnSignCounter
 .text.GAP_SendSlaveSecurityRequest
                0x0000000000006738       0x4a E:\WCH_Files\BLE-TEMP-SHT40-CH582F\BLE\LIB\libCH58xBLE.a(gap.o)
                0x0000000000006738                GAP_SendSlaveSecurityRequest
 .text.GAP_Signable
                0x0000000000006782       0x6a E:\WCH_Files\BLE-TEMP-SHT40-CH582F\BLE\LIB\libCH58xBLE.a(gap.o)
                0x0000000000006782                GAP_Signable
 .text.GAP_TerminateAuth
                0x00000000000067ec       0x2a E:\WCH_Files\BLE-TEMP-SHT40-CH582F\BLE\LIB\libCH58xBLE.a(gap.o)
                0x00000000000067ec                GAP_TerminateAuth
 .text.GAP_NumActiveConnections
                0x0000000000006816        0x4 E:\WCH_Files\BLE-TEMP-SHT40-CH582F\BLE\LIB\libCH58xBLE.a(gap.o)
                0x0000000000006816                GAP_NumActiveConnections
 .text.GAP_TerminateLinkReq
                0x000000000000681a       0x8e E:\WCH_Files\BLE-TEMP-SHT40-CH582F\BLE\LIB\libCH58xBLE.a(gap.o)
                0x000000000000681a                GAP_TerminateLinkReq
 .text.GAP_SetParamValue
                0x00000000000068a8       0x6c E:\WCH_Files\BLE-TEMP-SHT40-CH582F\BLE\LIB\libCH58xBLE.a(gap.o)
                0x00000000000068a8                GAP_SetParamValue
 .text.GAP_Init
                0x0000000000006914       0x48 E:\WCH_Files\BLE-TEMP-SHT40-CH582F\BLE\LIB\libCH58xBLE.a(gap.o)
                0x0000000000006914                GAP_Init
 .text.GAP_ProcessEvent
                0x000000000000695c      0x66a E:\WCH_Files\BLE-TEMP-SHT40-CH582F\BLE\LIB\libCH58xBLE.a(gap.o)
                0x000000000000695c                GAP_ProcessEvent
 .text.gapSendScanEnable
                0x0000000000006fc6       0x3a E:\WCH_Files\BLE-TEMP-SHT40-CH582F\BLE\LIB\libCH58xBLE.a(gap_central.o)
 .text.gapCentProcessConnEvt
                0x0000000000007000      0x168 E:\WCH_Files\BLE-TEMP-SHT40-CH582F\BLE\LIB\libCH58xBLE.a(gap_central.o)
                0x0000000000007000                gapCentProcessConnEvt
 .text.gapProcessScanningPeriodicAdvEvt
                0x0000000000007168       0xa0 E:\WCH_Files\BLE-TEMP-SHT40-CH582F\BLE\LIB\libCH58xBLE.a(gap_central.o)
                0x0000000000007168                gapProcessScanningPeriodicAdvEvt
 .text.gapCancelLinkReq
                0x0000000000007208       0x38 E:\WCH_Files\BLE-TEMP-SHT40-CH582F\BLE\LIB\libCH58xBLE.a(gap_central.o)
                0x0000000000007208                gapCancelLinkReq
 .text.gapProcessAdvertDevInfo
                0x0000000000007240      0x242 E:\WCH_Files\BLE-TEMP-SHT40-CH582F\BLE\LIB\libCH58xBLE.a(gap_central.o)
                0x0000000000007240                gapProcessAdvertDevInfo
 .text.gapProcessExtAdvertDevInfo
                0x0000000000007482      0x260 E:\WCH_Files\BLE-TEMP-SHT40-CH582F\BLE\LIB\libCH58xBLE.a(gap_central.o)
                0x0000000000007482                gapProcessExtAdvertDevInfo
 .text.gapProcessPeriodicAdvertisingSyncEstablishedEvt
                0x00000000000076e2       0xae E:\WCH_Files\BLE-TEMP-SHT40-CH582F\BLE\LIB\libCH58xBLE.a(gap_central.o)
                0x00000000000076e2                gapProcessPeriodicAdvertisingSyncEstablishedEvt
 .text.gapProcessPeriodicAdvertisingSyncLostEvt
                0x0000000000007790       0x56 E:\WCH_Files\BLE-TEMP-SHT40-CH582F\BLE\LIB\libCH58xBLE.a(gap_central.o)
                0x0000000000007790                gapProcessPeriodicAdvertisingSyncLostEvt
 .text.gapFreeScanRecs
                0x00000000000077e6       0xa6 E:\WCH_Files\BLE-TEMP-SHT40-CH582F\BLE\LIB\libCH58xBLE.a(gap_central.o)
                0x00000000000077e6                gapFreeScanRecs
 .text.gapSendDevDiscEvent
                0x000000000000788c      0x124 E:\WCH_Files\BLE-TEMP-SHT40-CH582F\BLE\LIB\libCH58xBLE.a(gap_central.o)
                0x000000000000788c                gapSendDevDiscEvent
 .text.gapSetScanParamStatus
                0x00000000000079b0       0x56 E:\WCH_Files\BLE-TEMP-SHT40-CH582F\BLE\LIB\libCH58xBLE.a(gap_central.o)
 .text.gapCentProcessHCICmdEvt
                0x0000000000007a06       0x3c E:\WCH_Files\BLE-TEMP-SHT40-CH582F\BLE\LIB\libCH58xBLE.a(gap_central.o)
                0x0000000000007a06                gapCentProcessHCICmdEvt
 .text.gapProcessScanningEvt
                0x0000000000007a42      0x110 E:\WCH_Files\BLE-TEMP-SHT40-CH582F\BLE\LIB\libCH58xBLE.a(gap_central.o)
                0x0000000000007a42                gapProcessScanningEvt
 .text.gapProcessScanningDirectEvt
                0x0000000000007b52       0xfe E:\WCH_Files\BLE-TEMP-SHT40-CH582F\BLE\LIB\libCH58xBLE.a(gap_central.o)
                0x0000000000007b52                gapProcessScanningDirectEvt
 .text.gapProcessScanningExtAdvEvt
                0x0000000000007c50      0x2c4 E:\WCH_Files\BLE-TEMP-SHT40-CH582F\BLE\LIB\libCH58xBLE.a(gap_central.o)
                0x0000000000007c50                gapProcessScanningExtAdvEvt
 .text.GAP_CentConnRegister
                0x0000000000007f14       0x1a E:\WCH_Files\BLE-TEMP-SHT40-CH582F\BLE\LIB\libCH58xBLE.a(gap_central.o)
                0x0000000000007f14                GAP_CentConnRegister
 .text.GAP_CentralParamInit
                0x0000000000007f2e       0x6e E:\WCH_Files\BLE-TEMP-SHT40-CH582F\BLE\LIB\libCH58xBLE.a(gap_central.o)
                0x0000000000007f2e                GAP_CentralParamInit
 .text.GAP_CentDevMgrInit
                0x0000000000007f9c       0x9c E:\WCH_Files\BLE-TEMP-SHT40-CH582F\BLE\LIB\libCH58xBLE.a(gap_central.o)
                0x0000000000007f9c                GAP_CentDevMgrInit
 .text.gapFreeAdvertState
                0x0000000000008038       0x20 E:\WCH_Files\BLE-TEMP-SHT40-CH582F\BLE\LIB\libCH58xBLE.a(gap_peripheral.o)
 .text.gapSetPeriodicAdvParams
                0x0000000000008058       0x30 E:\WCH_Files\BLE-TEMP-SHT40-CH582F\BLE\LIB\libCH58xBLE.a(gap_peripheral.o)
 .text.gapSetConnectionlessCTEParams
                0x0000000000008088       0x54 E:\WCH_Files\BLE-TEMP-SHT40-CH582F\BLE\LIB\libCH58xBLE.a(gap_peripheral.o)
 .text.gapSetAdvParams
                0x00000000000080dc      0x126 E:\WCH_Files\BLE-TEMP-SHT40-CH582F\BLE\LIB\libCH58xBLE.a(gap_peripheral.o)
 .text.gapPeriProcessConnEvt
                0x0000000000008202       0xd0 E:\WCH_Files\BLE-TEMP-SHT40-CH582F\BLE\LIB\libCH58xBLE.a(gap_peripheral.o)
 .text.gapWriteAdvDataStatus
                0x00000000000082d2       0x8a E:\WCH_Files\BLE-TEMP-SHT40-CH582F\BLE\LIB\libCH58xBLE.a(gap_peripheral.o)
 .text.GAP_MakeDiscoverable
                0x000000000000835c      0x174 E:\WCH_Files\BLE-TEMP-SHT40-CH582F\BLE\LIB\libCH58xBLE.a(gap_peripheral.o)
                0x000000000000835c                GAP_MakeDiscoverable
 .text.GAP_EndDiscoverable
                0x00000000000084d0       0x66 E:\WCH_Files\BLE-TEMP-SHT40-CH582F\BLE\LIB\libCH58xBLE.a(gap_peripheral.o)
                0x00000000000084d0                GAP_EndDiscoverable
 .text.gapProcessAdvertisingEvt
                0x0000000000008536      0x116 E:\WCH_Files\BLE-TEMP-SHT40-CH582F\BLE\LIB\libCH58xBLE.a(gap_peripheral.o)
 .text.GAP_MakePeriodic
                0x000000000000864c       0x26 E:\WCH_Files\BLE-TEMP-SHT40-CH582F\BLE\LIB\libCH58xBLE.a(gap_peripheral.o)
                0x000000000000864c                GAP_MakePeriodic
 .text.GAP_EndPeriodic
                0x0000000000008672        0xc E:\WCH_Files\BLE-TEMP-SHT40-CH582F\BLE\LIB\libCH58xBLE.a(gap_peripheral.o)
                0x0000000000008672                GAP_EndPeriodic
 .text.GAP_MakeConnecttionlessCTE
                0x000000000000867e       0x1a E:\WCH_Files\BLE-TEMP-SHT40-CH582F\BLE\LIB\libCH58xBLE.a(gap_peripheral.o)
                0x000000000000867e                GAP_MakeConnecttionlessCTE
 .text.GAP_EndConnecttionlessCTE
                0x0000000000008698        0xc E:\WCH_Files\BLE-TEMP-SHT40-CH582F\BLE\LIB\libCH58xBLE.a(gap_peripheral.o)
                0x0000000000008698                GAP_EndConnecttionlessCTE
 .text.GAP_UpdateAdvertisingData
                0x00000000000086a4      0x136 E:\WCH_Files\BLE-TEMP-SHT40-CH582F\BLE\LIB\libCH58xBLE.a(gap_peripheral.o)
                0x00000000000086a4                GAP_UpdateAdvertisingData
 .text.GAP_SetAdvertisingAdvData
                0x00000000000087da      0x102 E:\WCH_Files\BLE-TEMP-SHT40-CH582F\BLE\LIB\libCH58xBLE.a(gap_peripheral.o)
                0x00000000000087da                GAP_SetAdvertisingAdvData
 .text.GAP_SetAdvertisingRspData
                0x00000000000088dc      0x102 E:\WCH_Files\BLE-TEMP-SHT40-CH582F\BLE\LIB\libCH58xBLE.a(gap_peripheral.o)
                0x00000000000088dc                GAP_SetAdvertisingRspData
 .text.GAP_SetPeriodicAdvertisingData
                0x00000000000089de       0xc6 E:\WCH_Files\BLE-TEMP-SHT40-CH582F\BLE\LIB\libCH58xBLE.a(gap_peripheral.o)
                0x00000000000089de                GAP_SetPeriodicAdvertisingData
 .text.GAP_GetAdvertisingAdvData
                0x0000000000008aa4       0x26 E:\WCH_Files\BLE-TEMP-SHT40-CH582F\BLE\LIB\libCH58xBLE.a(gap_peripheral.o)
                0x0000000000008aa4                GAP_GetAdvertisingAdvData
 .text.GAP_GetAdvertisingRspData
                0x0000000000008aca       0x34 E:\WCH_Files\BLE-TEMP-SHT40-CH582F\BLE\LIB\libCH58xBLE.a(gap_peripheral.o)
                0x0000000000008aca                GAP_GetAdvertisingRspData
 .text.GAP_GetPeriodicAdvertisingData
                0x0000000000008afe       0x34 E:\WCH_Files\BLE-TEMP-SHT40-CH582F\BLE\LIB\libCH58xBLE.a(gap_peripheral.o)
                0x0000000000008afe                GAP_GetPeriodicAdvertisingData
 .text.GAP_PeriConnRegister
                0x0000000000008b32       0x2e E:\WCH_Files\BLE-TEMP-SHT40-CH582F\BLE\LIB\libCH58xBLE.a(gap_peripheral.o)
                0x0000000000008b32                GAP_PeriConnRegister
 .text.GAP_PeripheralParamInit
                0x0000000000008b60       0x6c E:\WCH_Files\BLE-TEMP-SHT40-CH582F\BLE\LIB\libCH58xBLE.a(gap_peripheral.o)
                0x0000000000008b60                GAP_PeripheralParamInit
 .text.gapSendMakeDiscEvent
                0x0000000000008bcc       0x50 E:\WCH_Files\BLE-TEMP-SHT40-CH582F\BLE\LIB\libCH58xBLE.a(gap_peripheral.o)
                0x0000000000008bcc                gapSendMakeDiscEvent
 .text.gapWriteAdvEnableStatus
                0x0000000000008c1c      0x110 E:\WCH_Files\BLE-TEMP-SHT40-CH582F\BLE\LIB\libCH58xBLE.a(gap_peripheral.o)
 .text.gapSendMakePeriodicEvent
                0x0000000000008d2c       0x3a E:\WCH_Files\BLE-TEMP-SHT40-CH582F\BLE\LIB\libCH58xBLE.a(gap_peripheral.o)
                0x0000000000008d2c                gapSendMakePeriodicEvent
 .text.gapSendMakeConnectionlessCTEEvent
                0x0000000000008d66       0x3a E:\WCH_Files\BLE-TEMP-SHT40-CH582F\BLE\LIB\libCH58xBLE.a(gap_peripheral.o)
                0x0000000000008d66                gapSendMakeConnectionlessCTEEvent
 .text.gapPeriProcessHCICmdCompleteEvt
                0x0000000000008da0      0x22e E:\WCH_Files\BLE-TEMP-SHT40-CH582F\BLE\LIB\libCH58xBLE.a(gap_peripheral.o)
 .text.GAP_PeriDevMgrInit
                0x0000000000008fce       0x2e E:\WCH_Files\BLE-TEMP-SHT40-CH582F\BLE\LIB\libCH58xBLE.a(gap_peripheral.o)
                0x0000000000008fce                GAP_PeriDevMgrInit
 .text.gattGetPayload
                0x0000000000008ffc       0x7e E:\WCH_Files\BLE-TEMP-SHT40-CH582F\BLE\LIB\libCH58xBLE.a(gatt.o)
                0x0000000000008ffc                gattGetPayload
 .text.gattNotifyEvent
                0x000000000000907a       0x84 E:\WCH_Files\BLE-TEMP-SHT40-CH582F\BLE\LIB\libCH58xBLE.a(gatt.o)
                0x000000000000907a                gattNotifyEvent
 .text.gattSendFlowCtrlEvt
                0x00000000000090fe       0x52 E:\WCH_Files\BLE-TEMP-SHT40-CH582F\BLE\LIB\libCH58xBLE.a(gatt.o)
                0x00000000000090fe                gattSendFlowCtrlEvt
 .text.gattStartTimer
                0x0000000000009150        0xc E:\WCH_Files\BLE-TEMP-SHT40-CH582F\BLE\LIB\libCH58xBLE.a(gatt.o)
                0x0000000000009150                gattStartTimer
 .text.gattStopTimer
                0x000000000000915c       0x32 E:\WCH_Files\BLE-TEMP-SHT40-CH582F\BLE\LIB\libCH58xBLE.a(gatt.o)
                0x000000000000915c                gattStopTimer
 .text.GATT_AppCompletedMsg
                0x000000000000918e       0x30 E:\WCH_Files\BLE-TEMP-SHT40-CH582F\BLE\LIB\libCH58xBLE.a(gatt.o)
                0x000000000000918e                GATT_AppCompletedMsg
 .text.GATT_NotifyEvent
                0x00000000000091be       0x56 E:\WCH_Files\BLE-TEMP-SHT40-CH582F\BLE\LIB\libCH58xBLE.a(gatt.o)
                0x00000000000091be                GATT_NotifyEvent
 .text.gattRegisterServer
                0x0000000000009214        0x6 E:\WCH_Files\BLE-TEMP-SHT40-CH582F\BLE\LIB\libCH58xBLE.a(gatt.o)
                0x0000000000009214                gattRegisterServer
 .text.GATT_UpdateMTU
                0x000000000000921a       0x5a E:\WCH_Files\BLE-TEMP-SHT40-CH582F\BLE\LIB\libCH58xBLE.a(gatt.o)
                0x000000000000921a                GATT_UpdateMTU
 .text.GATT_bm_alloc
                0x0000000000009274       0xe8 E:\WCH_Files\BLE-TEMP-SHT40-CH582F\BLE\LIB\libCH58xBLE.a(gatt.o)
                0x0000000000009274                GATT_bm_alloc
 .text.GATT_ServiceChangedInd
                0x000000000000935c       0x94 E:\WCH_Files\BLE-TEMP-SHT40-CH582F\BLE\LIB\libCH58xBLE.a(gatt.o)
                0x000000000000935c                GATT_ServiceChangedInd
 .text.GATT_bm_free
                0x00000000000093f0       0x1c E:\WCH_Files\BLE-TEMP-SHT40-CH582F\BLE\LIB\libCH58xBLE.a(gatt.o)
                0x00000000000093f0                GATT_bm_free
 .text.GATT_Init
                0x000000000000940c       0x2a E:\WCH_Files\BLE-TEMP-SHT40-CH582F\BLE\LIB\libCH58xBLE.a(gatt.o)
                0x000000000000940c                GATT_Init
 .text.GATT_ProcessEvent
                0x0000000000009436      0x13a E:\WCH_Files\BLE-TEMP-SHT40-CH582F\BLE\LIB\libCH58xBLE.a(gatt.o)
                0x0000000000009436                GATT_ProcessEvent
 .text.gattProcessExchangeMTUReq
                0x0000000000009570        0x4 E:\WCH_Files\BLE-TEMP-SHT40-CH582F\BLE\LIB\libCH58xBLE.a(gattservapp.o)
 .text.gattServApp_FindCharCfgItem
                0x0000000000009574       0x24 E:\WCH_Files\BLE-TEMP-SHT40-CH582F\BLE\LIB\libCH58xBLE.a(gattservapp.o)
 .text.gattServerHandleTimerCB
                0x0000000000009598       0x3c E:\WCH_Files\BLE-TEMP-SHT40-CH582F\BLE\LIB\libCH58xBLE.a(gattservapp.o)
 .text.GATTServApp_InitCharCfg.part.12
                0x00000000000095d4       0x20 E:\WCH_Files\BLE-TEMP-SHT40-CH582F\BLE\LIB\libCH58xBLE.a(gattservapp.o)
 .text.gattProcessExecuteWriteReq
                0x00000000000095f4        0x4 E:\WCH_Files\BLE-TEMP-SHT40-CH582F\BLE\LIB\libCH58xBLE.a(gattservapp.o)
 .text.GATTServApp_ParamInit
                0x00000000000095f8       0xd6 E:\WCH_Files\BLE-TEMP-SHT40-CH582F\BLE\LIB\libCH58xBLE.a(gattservapp.o)
                0x00000000000095f8                GATTServApp_ParamInit
 .text.GATTServApp_ReadCharCfg
                0x00000000000096ce       0x18 E:\WCH_Files\BLE-TEMP-SHT40-CH582F\BLE\LIB\libCH58xBLE.a(gattservapp.o)
                0x00000000000096ce                GATTServApp_ReadCharCfg
 .text.GATTServApp_WriteCharCfg
                0x00000000000096e6       0x3c E:\WCH_Files\BLE-TEMP-SHT40-CH582F\BLE\LIB\libCH58xBLE.a(gattservapp.o)
                0x00000000000096e6                GATTServApp_WriteCharCfg
 .text.GATTServApp_ProcessCCCWriteReq
                0x0000000000009722       0x60 E:\WCH_Files\BLE-TEMP-SHT40-CH582F\BLE\LIB\libCH58xBLE.a(gattservapp.o)
                0x0000000000009722                GATTServApp_ProcessCCCWriteReq
 .text.gattServApp_WriteAttrCB
                0x0000000000009782       0x34 E:\WCH_Files\BLE-TEMP-SHT40-CH582F\BLE\LIB\libCH58xBLE.a(gattservapp.o)
                0x0000000000009782                gattServApp_WriteAttrCB
 .text.GATTServApp_SendCCCUpdatedEvent
                0x00000000000097b6       0x5e E:\WCH_Files\BLE-TEMP-SHT40-CH582F\BLE\LIB\libCH58xBLE.a(gattservapp.o)
                0x00000000000097b6                GATTServApp_SendCCCUpdatedEvent
 .text.GATTServApp_SendServiceChangedInd
                0x0000000000009814       0x36 E:\WCH_Files\BLE-TEMP-SHT40-CH582F\BLE\LIB\libCH58xBLE.a(gattservapp.o)
                0x0000000000009814                GATTServApp_SendServiceChangedInd
 .text.gattServApp_ClearPrepareWriteQ
                0x000000000000984a       0x50 E:\WCH_Files\BLE-TEMP-SHT40-CH582F\BLE\LIB\libCH58xBLE.a(gattservapp.o)
                0x000000000000984a                gattServApp_ClearPrepareWriteQ
 .text.gattServApp_FindPrepareWriteQ
                0x000000000000989a       0x30 E:\WCH_Files\BLE-TEMP-SHT40-CH582F\BLE\LIB\libCH58xBLE.a(gattservapp.o)
                0x000000000000989a                gattServApp_FindPrepareWriteQ
 .text.gattServApp_FindServiceCBs
                0x00000000000098ca       0x18 E:\WCH_Files\BLE-TEMP-SHT40-CH582F\BLE\LIB\libCH58xBLE.a(gattservapp.o)
                0x00000000000098ca                gattServApp_FindServiceCBs
 .text.gattServApp_FindAuthorizeAttrCB
                0x00000000000098e2       0x16 E:\WCH_Files\BLE-TEMP-SHT40-CH582F\BLE\LIB\libCH58xBLE.a(gattservapp.o)
                0x00000000000098e2                gattServApp_FindAuthorizeAttrCB
 .text.gattServApp_IsWriteLong
                0x00000000000098f8       0xea E:\WCH_Files\BLE-TEMP-SHT40-CH582F\BLE\LIB\libCH58xBLE.a(gattservapp.o)
                0x00000000000098f8                gattServApp_IsWriteLong
 .text.gattFindService
                0x00000000000099e2       0x1c E:\WCH_Files\BLE-TEMP-SHT40-CH582F\BLE\LIB\libCH58xBLE.a(gattservapp.o)
                0x00000000000099e2                gattFindService
 .text.GATT_ServiceNumAttrs
                0x00000000000099fe       0x18 E:\WCH_Files\BLE-TEMP-SHT40-CH582F\BLE\LIB\libCH58xBLE.a(gattservapp.o)
                0x00000000000099fe                GATT_ServiceNumAttrs
 .text.GATT_ServiceEncKeySize
                0x0000000000009a16       0x18 E:\WCH_Files\BLE-TEMP-SHT40-CH582F\BLE\LIB\libCH58xBLE.a(gattservapp.o)
                0x0000000000009a16                GATT_ServiceEncKeySize
 .text.GATT_VerifyWritePermissions.part.7
                0x0000000000009a2e       0x2e E:\WCH_Files\BLE-TEMP-SHT40-CH582F\BLE\LIB\libCH58xBLE.a(gattservapp.o)
 .text.gattResetServerInfo
                0x0000000000009a5c       0x1c E:\WCH_Files\BLE-TEMP-SHT40-CH582F\BLE\LIB\libCH58xBLE.a(gattservapp.o)
                0x0000000000009a5c                gattResetServerInfo
 .text.gattFindServerInfo
                0x0000000000009a78       0x2c E:\WCH_Files\BLE-TEMP-SHT40-CH582F\BLE\LIB\libCH58xBLE.a(gattservapp.o)
                0x0000000000009a78                gattFindServerInfo
 .text.gattServerHandleConnStatusCB
                0x0000000000009aa4       0x98 E:\WCH_Files\BLE-TEMP-SHT40-CH582F\BLE\LIB\libCH58xBLE.a(gattservapp.o)
                0x0000000000009aa4                gattServerHandleConnStatusCB
 .text.gattServerProcessMsgCB
                0x0000000000009b3c      0x1c0 E:\WCH_Files\BLE-TEMP-SHT40-CH582F\BLE\LIB\libCH58xBLE.a(gattservapp.o)
                0x0000000000009b3c                gattServerProcessMsgCB
 .text.gattServerNotifyTxCB
                0x0000000000009cfc       0x28 E:\WCH_Files\BLE-TEMP-SHT40-CH582F\BLE\LIB\libCH58xBLE.a(gattservapp.o)
 .text.GATT_FindHandle
                0x0000000000009d24       0x4a E:\WCH_Files\BLE-TEMP-SHT40-CH582F\BLE\LIB\libCH58xBLE.a(gattservapp.o)
                0x0000000000009d24                GATT_FindHandle
 .text.GATTServApp_WriteAttr
                0x0000000000009d6e       0xa8 E:\WCH_Files\BLE-TEMP-SHT40-CH582F\BLE\LIB\libCH58xBLE.a(gattservapp.o)
                0x0000000000009d6e                GATTServApp_WriteAttr
 .text.gattServApp_ProcessExecuteWriteReq
                0x0000000000009e16      0x100 E:\WCH_Files\BLE-TEMP-SHT40-CH582F\BLE\LIB\libCH58xBLE.a(gattservapp.o)
                0x0000000000009e16                gattServApp_ProcessExecuteWriteReq
 .text.GATTServApp_UpdateCharCfg
                0x0000000000009f16       0x1e E:\WCH_Files\BLE-TEMP-SHT40-CH582F\BLE\LIB\libCH58xBLE.a(gattservapp.o)
                0x0000000000009f16                GATTServApp_UpdateCharCfg
 .text.gattServApp_ProcessPrepareWriteReq
                0x0000000000009f34      0x10e E:\WCH_Files\BLE-TEMP-SHT40-CH582F\BLE\LIB\libCH58xBLE.a(gattservapp.o)
                0x0000000000009f34                gattServApp_ProcessPrepareWriteReq
 .text.gattServApp_ProcessWriteReq
                0x000000000000a042       0xb0 E:\WCH_Files\BLE-TEMP-SHT40-CH582F\BLE\LIB\libCH58xBLE.a(gattservapp.o)
                0x000000000000a042                gattServApp_ProcessWriteReq
 .text.GATT_Indication
                0x000000000000a0f2       0xa4 E:\WCH_Files\BLE-TEMP-SHT40-CH582F\BLE\LIB\libCH58xBLE.a(gattservapp.o)
                0x000000000000a0f2                GATT_Indication
 .text.GATT_FindHandleUUID
                0x000000000000a196       0x94 E:\WCH_Files\BLE-TEMP-SHT40-CH582F\BLE\LIB\libCH58xBLE.a(gattservapp.o)
                0x000000000000a196                GATT_FindHandleUUID
 .text.gattProcessReadByGrpTypeReq
                0x000000000000a22a       0x60 E:\WCH_Files\BLE-TEMP-SHT40-CH582F\BLE\LIB\libCH58xBLE.a(gattservapp.o)
 .text.gattProcessReadByTypeReq
                0x000000000000a28a       0x34 E:\WCH_Files\BLE-TEMP-SHT40-CH582F\BLE\LIB\libCH58xBLE.a(gattservapp.o)
 .text.gattProcessFindByTypeValueReq
                0x000000000000a2be       0x34 E:\WCH_Files\BLE-TEMP-SHT40-CH582F\BLE\LIB\libCH58xBLE.a(gattservapp.o)
 .text.gattProcessFindInfoReq
                0x000000000000a2f2      0x1aa E:\WCH_Files\BLE-TEMP-SHT40-CH582F\BLE\LIB\libCH58xBLE.a(gattservapp.o)
 .text.GATT_VerifyWritePermissions
                0x000000000000a49c       0x6a E:\WCH_Files\BLE-TEMP-SHT40-CH582F\BLE\LIB\libCH58xBLE.a(gattservapp.o)
                0x000000000000a49c                GATT_VerifyWritePermissions
 .text.gattProcessWriteReq
                0x000000000000a506       0x36 E:\WCH_Files\BLE-TEMP-SHT40-CH582F\BLE\LIB\libCH58xBLE.a(gattservapp.o)
 .text.GATT_VerifyPrepareWritePermissions
                0x000000000000a53c       0x56 E:\WCH_Files\BLE-TEMP-SHT40-CH582F\BLE\LIB\libCH58xBLE.a(gattservapp.o)
                0x000000000000a53c                GATT_VerifyPrepareWritePermissions
 .text.gattProcessPrepareWriteReq
                0x000000000000a592       0x36 E:\WCH_Files\BLE-TEMP-SHT40-CH582F\BLE\LIB\libCH58xBLE.a(gattservapp.o)
 .text.GATT_FindNextAttr
                0x000000000000a5c8       0xc2 E:\WCH_Files\BLE-TEMP-SHT40-CH582F\BLE\LIB\libCH58xBLE.a(gattservapp.o)
                0x000000000000a5c8                GATT_FindNextAttr
 .text.GATTServApp_ReadAttr
                0x000000000000a68a      0x2ea E:\WCH_Files\BLE-TEMP-SHT40-CH582F\BLE\LIB\libCH58xBLE.a(gattservapp.o)
                0x000000000000a68a                GATTServApp_ReadAttr
 .text.gattServApp_ProcessReadMultiReq
                0x000000000000a974      0x16e E:\WCH_Files\BLE-TEMP-SHT40-CH582F\BLE\LIB\libCH58xBLE.a(gattservapp.o)
                0x000000000000a974                gattServApp_ProcessReadMultiReq
 .text.gattServApp_ProcessFindByTypeValueReq
                0x000000000000aae2      0x1a0 E:\WCH_Files\BLE-TEMP-SHT40-CH582F\BLE\LIB\libCH58xBLE.a(gattservapp.o)
                0x000000000000aae2                gattServApp_ProcessFindByTypeValueReq
 .text.GATT_VerifyReadPermissions
                0x000000000000ac82       0x68 E:\WCH_Files\BLE-TEMP-SHT40-CH582F\BLE\LIB\libCH58xBLE.a(gattservapp.o)
                0x000000000000ac82                GATT_VerifyReadPermissions
 .text.gattProcessReadMultiReq
                0x000000000000acea       0xae E:\WCH_Files\BLE-TEMP-SHT40-CH582F\BLE\LIB\libCH58xBLE.a(gattservapp.o)
 .text.gattProcessReadReq
                0x000000000000ad98       0x30 E:\WCH_Files\BLE-TEMP-SHT40-CH582F\BLE\LIB\libCH58xBLE.a(gattservapp.o)
 .text.gattServApp_ProcessReadByGrpTypeReq
                0x000000000000adc8      0x21c E:\WCH_Files\BLE-TEMP-SHT40-CH582F\BLE\LIB\libCH58xBLE.a(gattservapp.o)
                0x000000000000adc8                gattServApp_ProcessReadByGrpTypeReq
 .text.gattServApp_ProcessReadByTypeReq
                0x000000000000afe4      0x1ae E:\WCH_Files\BLE-TEMP-SHT40-CH582F\BLE\LIB\libCH58xBLE.a(gattservapp.o)
                0x000000000000afe4                gattServApp_ProcessReadByTypeReq
 .text.GATTServApp_RegisterForMsg
                0x000000000000b192        0x6 E:\WCH_Files\BLE-TEMP-SHT40-CH582F\BLE\LIB\libCH58xBLE.a(gattservapp.o)
                0x000000000000b192                GATTServApp_RegisterForMsg
 .text.GATTServApp_InitCharCfg
                0x000000000000b198       0x28 E:\WCH_Files\BLE-TEMP-SHT40-CH582F\BLE\LIB\libCH58xBLE.a(gattservapp.o)
                0x000000000000b198                GATTServApp_InitCharCfg
 .text.gattServApp_HandleConnStatusCB
                0x000000000000b1c0       0x74 E:\WCH_Files\BLE-TEMP-SHT40-CH582F\BLE\LIB\libCH58xBLE.a(gattservapp.o)
                0x000000000000b1c0                gattServApp_HandleConnStatusCB
 .text.GATT_InitServer
                0x000000000000b234       0xfa E:\WCH_Files\BLE-TEMP-SHT40-CH582F\BLE\LIB\libCH58xBLE.a(gattservapp.o)
                0x000000000000b234                GATT_InitServer
 .text.GATTServApp_Init
                0x000000000000b32e       0x34 E:\WCH_Files\BLE-TEMP-SHT40-CH582F\BLE\LIB\libCH58xBLE.a(gattservapp.o)
                0x000000000000b32e                GATTServApp_Init
 .text.GATTServApp_ProcessEvent
                0x000000000000b362      0x36a E:\WCH_Files\BLE-TEMP-SHT40-CH582F\BLE\LIB\libCH58xBLE.a(gattservapp.o)
                0x000000000000b362                GATTServApp_ProcessEvent
 .text.l2capAllocConnChannel
                0x000000000000b6cc       0xe0 E:\WCH_Files\BLE-TEMP-SHT40-CH582F\BLE\LIB\libCH58xBLE.a(l2cap.o)
                0x000000000000b6cc                l2capAllocConnChannel
 .text.l2capFindLocalCID
                0x000000000000b7ac       0x2c E:\WCH_Files\BLE-TEMP-SHT40-CH582F\BLE\LIB\libCH58xBLE.a(l2cap.o)
                0x000000000000b7ac                l2capFindLocalCID
 .text.l2capFindLocalId
                0x000000000000b7d8       0x30 E:\WCH_Files\BLE-TEMP-SHT40-CH582F\BLE\LIB\libCH58xBLE.a(l2cap.o)
                0x000000000000b7d8                l2capFindLocalId
 .text.l2capFindPsm
                0x000000000000b808       0x30 E:\WCH_Files\BLE-TEMP-SHT40-CH582F\BLE\LIB\libCH58xBLE.a(l2cap.o)
                0x000000000000b808                l2capFindPsm
 .text.l2capFindRemoteCID
                0x000000000000b838       0x3c E:\WCH_Files\BLE-TEMP-SHT40-CH582F\BLE\LIB\libCH58xBLE.a(l2cap.o)
                0x000000000000b838                l2capFindRemoteCID
 .text.l2capFreeChannel
                0x000000000000b874       0x4e E:\WCH_Files\BLE-TEMP-SHT40-CH582F\BLE\LIB\libCH58xBLE.a(l2cap.o)
                0x000000000000b874                l2capFreeChannel
 .text.l2capDisconnectChannel
                0x000000000000b8c2       0x28 E:\WCH_Files\BLE-TEMP-SHT40-CH582F\BLE\LIB\libCH58xBLE.a(l2cap.o)
                0x000000000000b8c2                l2capDisconnectChannel
 .text.l2capHandleTimerCB
                0x000000000000b8ea       0x2c E:\WCH_Files\BLE-TEMP-SHT40-CH582F\BLE\LIB\libCH58xBLE.a(l2cap.o)
                0x000000000000b8ea                l2capHandleTimerCB
 .text.l2capFreePendingPkt
                0x000000000000b916       0x58 E:\WCH_Files\BLE-TEMP-SHT40-CH582F\BLE\LIB\libCH58xBLE.a(l2cap.o)
                0x000000000000b916                l2capFreePendingPkt
 .text.l2capGetCoChannelInfo
                0x000000000000b96e       0x86 E:\WCH_Files\BLE-TEMP-SHT40-CH582F\BLE\LIB\libCH58xBLE.a(l2cap.o)
                0x000000000000b96e                l2capGetCoChannelInfo
 .text.l2capNumActiveChannnels
                0x000000000000b9f4       0x48 E:\WCH_Files\BLE-TEMP-SHT40-CH582F\BLE\LIB\libCH58xBLE.a(l2cap.o)
                0x000000000000b9f4                l2capNumActiveChannnels
 .text.l2capStartTimer
                0x000000000000ba3c       0x1a E:\WCH_Files\BLE-TEMP-SHT40-CH582F\BLE\LIB\libCH58xBLE.a(l2cap.o)
                0x000000000000ba3c                l2capStartTimer
 .text.l2capStopTimer
                0x000000000000ba56       0x1e E:\WCH_Files\BLE-TEMP-SHT40-CH582F\BLE\LIB\libCH58xBLE.a(l2cap.o)
                0x000000000000ba56                l2capStopTimer
 .text.l2capDisconnectAllChannels
                0x000000000000ba74       0xdc E:\WCH_Files\BLE-TEMP-SHT40-CH582F\BLE\LIB\libCH58xBLE.a(l2cap.o)
                0x000000000000ba74                l2capDisconnectAllChannels
 .text.l2capHandleConnStatusCB
                0x000000000000bb50       0x3c E:\WCH_Files\BLE-TEMP-SHT40-CH582F\BLE\LIB\libCH58xBLE.a(l2cap.o)
                0x000000000000bb50                l2capHandleConnStatusCB
 .text.l2capHandleRxError
                0x000000000000bb8c        0x6 E:\WCH_Files\BLE-TEMP-SHT40-CH582F\BLE\LIB\libCH58xBLE.a(l2cap.o)
                0x000000000000bb8c                l2capHandleRxError
 .text.L2CAP_GetMTU
                0x000000000000bb92        0x6 E:\WCH_Files\BLE-TEMP-SHT40-CH582F\BLE\LIB\libCH58xBLE.a(l2cap.o)
                0x000000000000bb92                L2CAP_GetMTU
 .text.L2CAP_HostNumCompletedPkts
                0x000000000000bb98       0x28 E:\WCH_Files\BLE-TEMP-SHT40-CH582F\BLE\LIB\libCH58xBLE.a(l2cap.o)
                0x000000000000bb98                L2CAP_HostNumCompletedPkts
 .text.L2CAP_ParseConnectReq
                0x000000000000bbc0       0x5e E:\WCH_Files\BLE-TEMP-SHT40-CH582F\BLE\LIB\libCH58xBLE.a(l2cap.o)
                0x000000000000bbc0                L2CAP_ParseConnectReq
 .text.L2CAP_ParseFlowCtrlCredit
                0x000000000000bc1e       0x2e E:\WCH_Files\BLE-TEMP-SHT40-CH582F\BLE\LIB\libCH58xBLE.a(l2cap.o)
                0x000000000000bc1e                L2CAP_ParseFlowCtrlCredit
 .text.L2CAP_RegisterApp
                0x000000000000bc4c       0x30 E:\WCH_Files\BLE-TEMP-SHT40-CH582F\BLE\LIB\libCH58xBLE.a(l2cap.o)
                0x000000000000bc4c                L2CAP_RegisterApp
 .text.L2CAP_SetBufSize
                0x000000000000bc7c       0x1e E:\WCH_Files\BLE-TEMP-SHT40-CH582F\BLE\LIB\libCH58xBLE.a(l2cap.o)
                0x000000000000bc7c                L2CAP_SetBufSize
 .text.L2CAP_bm_alloc
                0x000000000000bc9a       0x2a E:\WCH_Files\BLE-TEMP-SHT40-CH582F\BLE\LIB\libCH58xBLE.a(l2cap.o)
                0x000000000000bc9a                L2CAP_bm_alloc
 .text.L2CAP_Init
                0x000000000000bcc4      0x15e E:\WCH_Files\BLE-TEMP-SHT40-CH582F\BLE\LIB\libCH58xBLE.a(l2cap.o)
                0x000000000000bcc4                L2CAP_Init
 .text.L2CAP_ProcessEvent
                0x000000000000be22       0xd4 E:\WCH_Files\BLE-TEMP-SHT40-CH582F\BLE\LIB\libCH58xBLE.a(l2cap.o)
                0x000000000000be22                L2CAP_ProcessEvent
 .text.l2capParseCmdReject
                0x000000000000bef6       0x5e E:\WCH_Files\BLE-TEMP-SHT40-CH582F\BLE\LIB\libCH58xBLE.a(l2cap_input.o)
                0x000000000000bef6                l2capParseCmdReject
 .text.l2capParseDisconnectReq
                0x000000000000bf54       0x2e E:\WCH_Files\BLE-TEMP-SHT40-CH582F\BLE\LIB\libCH58xBLE.a(l2cap_input.o)
                0x000000000000bf54                l2capParseDisconnectReq
 .text.l2capParseDisconnectRsp
                0x000000000000bf82       0x2e E:\WCH_Files\BLE-TEMP-SHT40-CH582F\BLE\LIB\libCH58xBLE.a(l2cap_input.o)
                0x000000000000bf82                l2capParseDisconnectRsp
 .text.L2CAP_ParseParamUpdateReq
                0x000000000000bfb0       0x4e E:\WCH_Files\BLE-TEMP-SHT40-CH582F\BLE\LIB\libCH58xBLE.a(l2cap_input.o)
                0x000000000000bfb0                L2CAP_ParseParamUpdateReq
 .text.l2capParseParamUpdateRsp
                0x000000000000bffe       0x1e E:\WCH_Files\BLE-TEMP-SHT40-CH582F\BLE\LIB\libCH58xBLE.a(l2cap_input.o)
                0x000000000000bffe                l2capParseParamUpdateRsp
 .text.l2capProcessConnectReq
                0x000000000000c01c       0xfc E:\WCH_Files\BLE-TEMP-SHT40-CH582F\BLE\LIB\libCH58xBLE.a(l2cap_input.o)
                0x000000000000c01c                l2capProcessConnectReq
 .text.l2capParseConnectRsp
                0x000000000000c118       0x5e E:\WCH_Files\BLE-TEMP-SHT40-CH582F\BLE\LIB\libCH58xBLE.a(l2cap_input.o)
                0x000000000000c118                l2capParseConnectRsp
 .text.l2capParseSignalHdr
                0x000000000000c176       0x22 E:\WCH_Files\BLE-TEMP-SHT40-CH582F\BLE\LIB\libCH58xBLE.a(l2cap_input.o)
                0x000000000000c176                l2capParseSignalHdr
 .text.l2capParsePacket
                0x000000000000c198       0x8c E:\WCH_Files\BLE-TEMP-SHT40-CH582F\BLE\LIB\libCH58xBLE.a(l2cap_input.o)
                0x000000000000c198                l2capParsePacket
 .text.l2capProcessReq
                0x000000000000c224      0x15e E:\WCH_Files\BLE-TEMP-SHT40-CH582F\BLE\LIB\libCH58xBLE.a(l2cap_input.o)
                0x000000000000c224                l2capProcessReq
 .text.l2capProcessRsp
                0x000000000000c382      0x150 E:\WCH_Files\BLE-TEMP-SHT40-CH582F\BLE\LIB\libCH58xBLE.a(l2cap_input.o)
                0x000000000000c382                l2capProcessRsp
 .text.l2capProcessRxData
                0x000000000000c4d2       0xf8 E:\WCH_Files\BLE-TEMP-SHT40-CH582F\BLE\LIB\libCH58xBLE.a(l2cap_input.o)
                0x000000000000c4d2                l2capProcessRxData
 .text.l2capNotifyData
                0x000000000000c5ca       0x5e E:\WCH_Files\BLE-TEMP-SHT40-CH582F\BLE\LIB\libCH58xBLE.a(l2cap_output.o)
                0x000000000000c5ca                l2capNotifyData
 .text.l2capNotifySignal
                0x000000000000c628       0x7a E:\WCH_Files\BLE-TEMP-SHT40-CH582F\BLE\LIB\libCH58xBLE.a(l2cap_output.o)
                0x000000000000c628                l2capNotifySignal
 .text.l2capNotifyCreditEvt
                0x000000000000c6a2       0xa4 E:\WCH_Files\BLE-TEMP-SHT40-CH582F\BLE\LIB\libCH58xBLE.a(l2cap_output.o)
                0x000000000000c6a2                l2capNotifyCreditEvt
 .text.l2capNotifyChannelEstEvt
                0x000000000000c746       0x5c E:\WCH_Files\BLE-TEMP-SHT40-CH582F\BLE\LIB\libCH58xBLE.a(l2cap_output.o)
                0x000000000000c746                l2capNotifyChannelEstEvt
 .text.l2capNotifyChannelTermEvt
                0x000000000000c7a2       0x3e E:\WCH_Files\BLE-TEMP-SHT40-CH582F\BLE\LIB\libCH58xBLE.a(l2cap_output.o)
                0x000000000000c7a2                l2capNotifyChannelTermEvt
 .text.l2capNotifyEvent
                0x000000000000c7e0       0x66 E:\WCH_Files\BLE-TEMP-SHT40-CH582F\BLE\LIB\libCH58xBLE.a(l2cap_output.o)
                0x000000000000c7e0                l2capNotifyEvent
 .text.l2capStoreFCPkt
                0x000000000000c846       0x32 E:\WCH_Files\BLE-TEMP-SHT40-CH582F\BLE\LIB\libCH58xBLE.a(l2cap_output.o)
                0x000000000000c846                l2capStoreFCPkt
 .text.l2capFreeTxSDU
                0x000000000000c878       0x9e E:\WCH_Files\BLE-TEMP-SHT40-CH582F\BLE\LIB\libCH58xBLE.a(l2cap_output.o)
                0x000000000000c878                l2capFreeTxSDU
 .text.l2capReassembleSegment
                0x000000000000c916      0x178 E:\WCH_Files\BLE-TEMP-SHT40-CH582F\BLE\LIB\libCH58xBLE.a(l2cap_output.o)
                0x000000000000c916                l2capReassembleSegment
 .text.l2capEncapSendData
                0x000000000000ca8e       0xf0 E:\WCH_Files\BLE-TEMP-SHT40-CH582F\BLE\LIB\libCH58xBLE.a(l2cap_output.o)
                0x000000000000ca8e                l2capEncapSendData
 .text.l2capSendFCPkt.part.3
                0x000000000000cb7e       0x70 E:\WCH_Files\BLE-TEMP-SHT40-CH582F\BLE\LIB\libCH58xBLE.a(l2cap_output.o)
 .text.l2capSendSegment
                0x000000000000cbee      0x108 E:\WCH_Files\BLE-TEMP-SHT40-CH582F\BLE\LIB\libCH58xBLE.a(l2cap_output.o)
                0x000000000000cbee                l2capSendSegment
 .text.l2capSendNextSegment
                0x000000000000ccf6       0xb4 E:\WCH_Files\BLE-TEMP-SHT40-CH582F\BLE\LIB\libCH58xBLE.a(l2cap_output.o)
                0x000000000000ccf6                l2capSendNextSegment
 .text.l2capSendPkt
                0x000000000000cdaa       0x3a E:\WCH_Files\BLE-TEMP-SHT40-CH582F\BLE\LIB\libCH58xBLE.a(l2cap_output.o)
                0x000000000000cdaa                l2capSendPkt
 .text.L2CAP_SendData
                0x000000000000cde4       0x82 E:\WCH_Files\BLE-TEMP-SHT40-CH582F\BLE\LIB\libCH58xBLE.a(l2cap_output.o)
                0x000000000000cde4                L2CAP_SendData
 .text.l2capSendCmd
                0x000000000000ce66       0x8a E:\WCH_Files\BLE-TEMP-SHT40-CH582F\BLE\LIB\libCH58xBLE.a(l2cap_output.o)
                0x000000000000ce66                l2capSendCmd
 .text.l2capSendReq
                0x000000000000cef0       0xc8 E:\WCH_Files\BLE-TEMP-SHT40-CH582F\BLE\LIB\libCH58xBLE.a(l2cap_output.o)
                0x000000000000cef0                l2capSendReq
 .text.l2capBuildDisconnectReq
                0x000000000000cfb8       0x28 E:\WCH_Files\BLE-TEMP-SHT40-CH582F\BLE\LIB\libCH58xBLE.a(l2cap_sdu.o)
 .text.l2capBuildParamUpdateReq
                0x000000000000cfe0       0x4c E:\WCH_Files\BLE-TEMP-SHT40-CH582F\BLE\LIB\libCH58xBLE.a(l2cap_sdu.o)
 .text.l2capBuildParamUpdateRsp
                0x000000000000d02c       0x16 E:\WCH_Files\BLE-TEMP-SHT40-CH582F\BLE\LIB\libCH58xBLE.a(l2cap_sdu.o)
 .text.l2capBuildConnectRsp
                0x000000000000d042       0x5e E:\WCH_Files\BLE-TEMP-SHT40-CH582F\BLE\LIB\libCH58xBLE.a(l2cap_sdu.o)
 .text.l2capBuildCmdReject
                0x000000000000d0a0       0x62 E:\WCH_Files\BLE-TEMP-SHT40-CH582F\BLE\LIB\libCH58xBLE.a(l2cap_sdu.o)
                0x000000000000d0a0                l2capBuildCmdReject
 .text.l2capBuildDisconnectRsp
                0x000000000000d102       0x28 E:\WCH_Files\BLE-TEMP-SHT40-CH582F\BLE\LIB\libCH58xBLE.a(l2cap_sdu.o)
                0x000000000000d102                l2capBuildDisconnectRsp
 .text.l2capSendConnectRsp
                0x000000000000d12a       0xaa E:\WCH_Files\BLE-TEMP-SHT40-CH582F\BLE\LIB\libCH58xBLE.a(l2cap_sdu.o)
                0x000000000000d12a                l2capSendConnectRsp
 .text.L2CAP_CmdReject
                0x000000000000d1d4       0x12 E:\WCH_Files\BLE-TEMP-SHT40-CH582F\BLE\LIB\libCH58xBLE.a(l2cap_sdu.o)
                0x000000000000d1d4                L2CAP_CmdReject
 .text.L2CAP_DisconnectReq
                0x000000000000d1e6       0x2a E:\WCH_Files\BLE-TEMP-SHT40-CH582F\BLE\LIB\libCH58xBLE.a(l2cap_sdu.o)
                0x000000000000d1e6                L2CAP_DisconnectReq
 .text.L2CAP_ConnParamUpdateReq
                0x000000000000d210       0x16 E:\WCH_Files\BLE-TEMP-SHT40-CH582F\BLE\LIB\libCH58xBLE.a(l2cap_sdu.o)
                0x000000000000d210                L2CAP_ConnParamUpdateReq
 .text.L2CAP_ConnParamUpdateRsp
                0x000000000000d226       0x12 E:\WCH_Files\BLE-TEMP-SHT40-CH582F\BLE\LIB\libCH58xBLE.a(l2cap_sdu.o)
                0x000000000000d226                L2CAP_ConnParamUpdateRsp
 .text.reportStatusChange
                0x000000000000d238       0x3e E:\WCH_Files\BLE-TEMP-SHT40-CH582F\BLE\LIB\libCH58xBLE.a(linkdb.o)
 .text.linkDB_Init
                0x000000000000d276       0xa8 E:\WCH_Files\BLE-TEMP-SHT40-CH582F\BLE\LIB\libCH58xBLE.a(linkdb.o)
                0x000000000000d276                linkDB_Init
 .text.linkDB_Find
                0x000000000000d31e       0x34 E:\WCH_Files\BLE-TEMP-SHT40-CH582F\BLE\LIB\libCH58xBLE.a(linkdb.o)
                0x000000000000d31e                linkDB_Find
 .text.linkDB_Authen
                0x000000000000d352       0x5c E:\WCH_Files\BLE-TEMP-SHT40-CH582F\BLE\LIB\libCH58xBLE.a(linkdb.o)
                0x000000000000d352                linkDB_Authen
 .text.linkDB_FindByAddr
                0x000000000000d3ae       0x82 E:\WCH_Files\BLE-TEMP-SHT40-CH582F\BLE\LIB\libCH58xBLE.a(linkdb.o)
                0x000000000000d3ae                linkDB_FindByAddr
 .text.linkDB_FindFirst
                0x000000000000d430       0x40 E:\WCH_Files\BLE-TEMP-SHT40-CH582F\BLE\LIB\libCH58xBLE.a(linkdb.o)
                0x000000000000d430                linkDB_FindFirst
 .text.linkDB_MTU
                0x000000000000d470       0x18 E:\WCH_Files\BLE-TEMP-SHT40-CH582F\BLE\LIB\libCH58xBLE.a(linkdb.o)
                0x000000000000d470                linkDB_MTU
 .text.linkDB_NumActive
                0x000000000000d488       0x36 E:\WCH_Files\BLE-TEMP-SHT40-CH582F\BLE\LIB\libCH58xBLE.a(linkdb.o)
                0x000000000000d488                linkDB_NumActive
 .text.linkDB_NumConns
                0x000000000000d4be        0xa E:\WCH_Files\BLE-TEMP-SHT40-CH582F\BLE\LIB\libCH58xBLE.a(linkdb.o)
                0x000000000000d4be                linkDB_NumConns
 .text.linkDB_Register
                0x000000000000d4c8       0x28 E:\WCH_Files\BLE-TEMP-SHT40-CH582F\BLE\LIB\libCH58xBLE.a(linkdb.o)
                0x000000000000d4c8                linkDB_Register
 .text.linkDB_Remove
                0x000000000000d4f0       0x4c E:\WCH_Files\BLE-TEMP-SHT40-CH582F\BLE\LIB\libCH58xBLE.a(linkdb.o)
                0x000000000000d4f0                linkDB_Remove
 .text.linkDB_Role
                0x000000000000d53c       0x18 E:\WCH_Files\BLE-TEMP-SHT40-CH582F\BLE\LIB\libCH58xBLE.a(linkdb.o)
                0x000000000000d53c                linkDB_Role
 .text.linkDB_State
                0x000000000000d554       0x30 E:\WCH_Files\BLE-TEMP-SHT40-CH582F\BLE\LIB\libCH58xBLE.a(linkdb.o)
                0x000000000000d554                linkDB_State
 .text.linkDB_UpdateMTU
                0x000000000000d584       0x28 E:\WCH_Files\BLE-TEMP-SHT40-CH582F\BLE\LIB\libCH58xBLE.a(linkdb.o)
                0x000000000000d584                linkDB_UpdateMTU
 .text.linkDB_PerformFunc
                0x000000000000d5ac       0x5a E:\WCH_Files\BLE-TEMP-SHT40-CH582F\BLE\LIB\libCH58xBLE.a(linkdb.o)
                0x000000000000d5ac                linkDB_PerformFunc
 .text.linkDB_PeripheralLinkNum
                0x000000000000d606       0x46 E:\WCH_Files\BLE-TEMP-SHT40-CH582F\BLE\LIB\libCH58xBLE.a(linkdb.o)
                0x000000000000d606                linkDB_PeripheralLinkNum
 .text.linkDB_GetSMEvtID
                0x000000000000d64c       0x60 E:\WCH_Files\BLE-TEMP-SHT40-CH582F\BLE\LIB\libCH58xBLE.a(linkdb.o)
                0x000000000000d64c                linkDB_GetSMEvtID
 .text.linkDB_Add
                0x000000000000d6ac       0xb2 E:\WCH_Files\BLE-TEMP-SHT40-CH582F\BLE\LIB\libCH58xBLE.a(linkdb.o)
                0x000000000000d6ac                linkDB_Add
 .text.linkDB_GetHandleFromSMEvtID
                0x000000000000d75e       0x3a E:\WCH_Files\BLE-TEMP-SHT40-CH582F\BLE\LIB\libCH58xBLE.a(linkdb.o)
                0x000000000000d75e                linkDB_GetHandleFromSMEvtID
 .text.linkDB_GetPairingParam
                0x000000000000d798       0x76 E:\WCH_Files\BLE-TEMP-SHT40-CH582F\BLE\LIB\libCH58xBLE.a(linkdb.o)
                0x000000000000d798                linkDB_GetPairingParam
 .text.linkDB_NeedSendKey
                0x000000000000d80e       0x4c E:\WCH_Files\BLE-TEMP-SHT40-CH582F\BLE\LIB\libCH58xBLE.a(linkdb.o)
                0x000000000000d80e                linkDB_NeedSendKey
 .text.smStartRspTimer
                0x000000000000d85a       0x3a E:\WCH_Files\BLE-TEMP-SHT40-CH582F\BLE\LIB\libCH58xBLE.a(sm.o)
 .text.smStartEncryption
                0x000000000000d894       0xa0 E:\WCH_Files\BLE-TEMP-SHT40-CH582F\BLE\LIB\libCH58xBLE.a(sm.o)
 .text.smFreePairingParams
                0x000000000000d934       0x7e E:\WCH_Files\BLE-TEMP-SHT40-CH582F\BLE\LIB\libCH58xBLE.a(sm.o)
                0x000000000000d934                smFreePairingParams
 .text.smEndPairing
                0x000000000000d9b2       0x60 E:\WCH_Files\BLE-TEMP-SHT40-CH582F\BLE\LIB\libCH58xBLE.a(sm.o)
                0x000000000000d9b2                smEndPairing
 .text.smLinkCheck
                0x000000000000da12       0x34 E:\WCH_Files\BLE-TEMP-SHT40-CH582F\BLE\LIB\libCH58xBLE.a(sm.o)
                0x000000000000da12                smLinkCheck
 .text.smNextPairingState
                0x000000000000da46       0x60 E:\WCH_Files\BLE-TEMP-SHT40-CH582F\BLE\LIB\libCH58xBLE.a(sm.o)
                0x000000000000da46                smNextPairingState
 .text.smProcessEncryptChange
                0x000000000000daa6       0xf8 E:\WCH_Files\BLE-TEMP-SHT40-CH582F\BLE\LIB\libCH58xBLE.a(sm.o)
                0x000000000000daa6                smProcessEncryptChange
 .text.smSendSMMsg
                0x000000000000db9e       0x5c E:\WCH_Files\BLE-TEMP-SHT40-CH582F\BLE\LIB\libCH58xBLE.a(sm.o)
                0x000000000000db9e                smSendSMMsg
 .text.smSendFailAndEnd
                0x000000000000dbfa       0x38 E:\WCH_Files\BLE-TEMP-SHT40-CH582F\BLE\LIB\libCH58xBLE.a(sm.o)
                0x000000000000dbfa                smSendFailAndEnd
 .text.smProcessPairingReq
                0x000000000000dc32       0x40 E:\WCH_Files\BLE-TEMP-SHT40-CH582F\BLE\LIB\libCH58xBLE.a(sm.o)
                0x000000000000dc32                smProcessPairingReq
 .text.smSetPairingReqRsp
                0x000000000000dc72       0x3c E:\WCH_Files\BLE-TEMP-SHT40-CH582F\BLE\LIB\libCH58xBLE.a(sm.o)
                0x000000000000dc72                smSetPairingReqRsp
 .text.SM_StartEncryption
                0x000000000000dcae       0x1a E:\WCH_Files\BLE-TEMP-SHT40-CH582F\BLE\LIB\libCH58xBLE.a(sm.o)
                0x000000000000dcae                SM_StartEncryption
 .text.sm_dhkey
                0x000000000000dcc8       0x3e E:\WCH_Files\BLE-TEMP-SHT40-CH582F\BLE\LIB\libCH58xBLE.a(sm.o)
                0x000000000000dcc8                sm_dhkey
 .text.sm_c1    0x000000000000dd06       0xb4 E:\WCH_Files\BLE-TEMP-SHT40-CH582F\BLE\LIB\libCH58xBLE.a(sm.o)
                0x000000000000dd06                sm_c1
 .text.smDetermineKeySize
                0x000000000000ddba       0x20 E:\WCH_Files\BLE-TEMP-SHT40-CH582F\BLE\LIB\libCH58xBLE.a(sm.o)
                0x000000000000ddba                smDetermineKeySize
 .text.smpParsePairingReq
                0x000000000000ddda      0x118 E:\WCH_Files\BLE-TEMP-SHT40-CH582F\BLE\LIB\libCH58xBLE.a(sm.o)
                0x000000000000ddda                smpParsePairingReq
 .text.smpParseEncInfo
                0x000000000000def2       0x2a E:\WCH_Files\BLE-TEMP-SHT40-CH582F\BLE\LIB\libCH58xBLE.a(sm.o)
                0x000000000000def2                smpParseEncInfo
 .text.smpParseIdentityAddrInfo
                0x000000000000df1c       0x34 E:\WCH_Files\BLE-TEMP-SHT40-CH582F\BLE\LIB\libCH58xBLE.a(sm.o)
                0x000000000000df1c                smpParseIdentityAddrInfo
 .text.smpParseIdentityInfo
                0x000000000000df50       0x2a E:\WCH_Files\BLE-TEMP-SHT40-CH582F\BLE\LIB\libCH58xBLE.a(sm.o)
                0x000000000000df50                smpParseIdentityInfo
 .text.smpParseMasterID
                0x000000000000df7a       0x3c E:\WCH_Files\BLE-TEMP-SHT40-CH582F\BLE\LIB\libCH58xBLE.a(sm.o)
                0x000000000000df7a                smpParseMasterID
 .text.smpParsePairingConfirm
                0x000000000000dfb6       0x2a E:\WCH_Files\BLE-TEMP-SHT40-CH582F\BLE\LIB\libCH58xBLE.a(sm.o)
                0x000000000000dfb6                smpParsePairingConfirm
 .text.smpParsePairingFailed
                0x000000000000dfe0       0x1c E:\WCH_Files\BLE-TEMP-SHT40-CH582F\BLE\LIB\libCH58xBLE.a(sm.o)
                0x000000000000dfe0                smpParsePairingFailed
 .text.smpParsePairingRandom
                0x000000000000dffc       0x2a E:\WCH_Files\BLE-TEMP-SHT40-CH582F\BLE\LIB\libCH58xBLE.a(sm.o)
                0x000000000000dffc                smpParsePairingRandom
 .text.smpParseSigningInfo
                0x000000000000e026       0x2a E:\WCH_Files\BLE-TEMP-SHT40-CH582F\BLE\LIB\libCH58xBLE.a(sm.o)
                0x000000000000e026                smpParseSigningInfo
 .text.smpParsePairingPublicKey
                0x000000000000e050       0x2c E:\WCH_Files\BLE-TEMP-SHT40-CH582F\BLE\LIB\libCH58xBLE.a(sm.o)
                0x000000000000e050                smpParsePairingPublicKey
 .text.smpParsePairingDHKeyCheck
                0x000000000000e07c       0x2a E:\WCH_Files\BLE-TEMP-SHT40-CH582F\BLE\LIB\libCH58xBLE.a(sm.o)
                0x000000000000e07c                smpParsePairingDHKeyCheck
 .text.smProcessDataMsg
                0x000000000000e0a6      0x104 E:\WCH_Files\BLE-TEMP-SHT40-CH582F\BLE\LIB\libCH58xBLE.a(sm.o)
                0x000000000000e0a6                smProcessDataMsg
 .text.smProcessTMOSMsg
                0x000000000000e1aa      0x170 E:\WCH_Files\BLE-TEMP-SHT40-CH582F\BLE\LIB\libCH58xBLE.a(sm.o)
                0x000000000000e1aa                smProcessTMOSMsg
 .text.SM_CalcRandomAddr
                0x000000000000e31a       0x54 E:\WCH_Files\BLE-TEMP-SHT40-CH582F\BLE\LIB\libCH58xBLE.a(sm.o)
                0x000000000000e31a                SM_CalcRandomAddr
 .text.SM_GenerateAuthenSig
                0x000000000000e36e       0xe6 E:\WCH_Files\BLE-TEMP-SHT40-CH582F\BLE\LIB\libCH58xBLE.a(sm.o)
                0x000000000000e36e                SM_GenerateAuthenSig
 .text.SM_PasskeyUpdate
                0x000000000000e454       0xe6 E:\WCH_Files\BLE-TEMP-SHT40-CH582F\BLE\LIB\libCH58xBLE.a(sm.o)
                0x000000000000e454                SM_PasskeyUpdate
 .text.SM_ResolveRandomAddrs
                0x000000000000e53a       0x5e E:\WCH_Files\BLE-TEMP-SHT40-CH582F\BLE\LIB\libCH58xBLE.a(sm.o)
                0x000000000000e53a                SM_ResolveRandomAddrs
 .text.SM_StartPairing
                0x000000000000e598       0xc2 E:\WCH_Files\BLE-TEMP-SHT40-CH582F\BLE\LIB\libCH58xBLE.a(sm.o)
                0x000000000000e598                SM_StartPairing
 .text.SM_VerifyAuthenSig
                0x000000000000e65a      0x150 E:\WCH_Files\BLE-TEMP-SHT40-CH582F\BLE\LIB\libCH58xBLE.a(sm.o)
                0x000000000000e65a                SM_VerifyAuthenSig
 .text.SM_ProcessEvent
                0x000000000000e7aa       0xb4 E:\WCH_Files\BLE-TEMP-SHT40-CH582F\BLE\LIB\libCH58xBLE.a(sm.o)
                0x000000000000e7aa                SM_ProcessEvent
 .text.SM_ParamInit
                0x000000000000e85e       0x66 E:\WCH_Files\BLE-TEMP-SHT40-CH582F\BLE\LIB\libCH58xBLE.a(sm.o)
                0x000000000000e85e                SM_ParamInit
 .text.SM_InitiatorInit
                0x000000000000e8c4       0x22 E:\WCH_Files\BLE-TEMP-SHT40-CH582F\BLE\LIB\libCH58xBLE.a(sm.o)
                0x000000000000e8c4                SM_InitiatorInit
 .text.SM_ResponderInit
                0x000000000000e8e6       0x22 E:\WCH_Files\BLE-TEMP-SHT40-CH582F\BLE\LIB\libCH58xBLE.a(sm.o)
                0x000000000000e8e6                SM_ResponderInit
 .text.SM_Init  0x000000000000e908       0x2a E:\WCH_Files\BLE-TEMP-SHT40-CH582F\BLE\LIB\libCH58xBLE.a(sm.o)
                0x000000000000e908                SM_Init
 .text.smpInitiatorProcessPairingRsp
                0x000000000000e932      0x26e E:\WCH_Files\BLE-TEMP-SHT40-CH582F\BLE\LIB\libCH58xBLE.a(sm_initiator.o)
                0x000000000000e932                smpInitiatorProcessPairingRsp
 .text.smInitiatorSendNextKeyInfo
                0x000000000000eba0      0x26e E:\WCH_Files\BLE-TEMP-SHT40-CH582F\BLE\LIB\libCH58xBLE.a(sm_initiator.o)
                0x000000000000eba0                smInitiatorSendNextKeyInfo
 .text.setupInitiatorKeys
                0x000000000000ee0e       0x88 E:\WCH_Files\BLE-TEMP-SHT40-CH582F\BLE\LIB\libCH58xBLE.a(sm_initiator.o)
 .text.smpInitiatorProcessIncoming
                0x000000000000ee96      0x418 E:\WCH_Files\BLE-TEMP-SHT40-CH582F\BLE\LIB\libCH58xBLE.a(sm_initiator.o)
                0x000000000000ee96                smpInitiatorProcessIncoming
 .text.smpBuildPairingReqRsp
                0x000000000000f2ae       0xc6 E:\WCH_Files\BLE-TEMP-SHT40-CH582F\BLE\LIB\libCH58xBLE.a(sm_pdu.o)
 .text.smpBuildPairingReq
                0x000000000000f374        0xa E:\WCH_Files\BLE-TEMP-SHT40-CH582F\BLE\LIB\libCH58xBLE.a(sm_pdu.o)
                0x000000000000f374                smpBuildPairingReq
 .text.smpBuildPairingRsp
                0x000000000000f37e        0xa E:\WCH_Files\BLE-TEMP-SHT40-CH582F\BLE\LIB\libCH58xBLE.a(sm_pdu.o)
                0x000000000000f37e                smpBuildPairingRsp
 .text.smpBuildPairingConfirm
                0x000000000000f388       0x30 E:\WCH_Files\BLE-TEMP-SHT40-CH582F\BLE\LIB\libCH58xBLE.a(sm_pdu.o)
                0x000000000000f388                smpBuildPairingConfirm
 .text.smpBuildPairingRandom
                0x000000000000f3b8       0x30 E:\WCH_Files\BLE-TEMP-SHT40-CH582F\BLE\LIB\libCH58xBLE.a(sm_pdu.o)
                0x000000000000f3b8                smpBuildPairingRandom
 .text.smpBuildEncInfo
                0x000000000000f3e8       0x30 E:\WCH_Files\BLE-TEMP-SHT40-CH582F\BLE\LIB\libCH58xBLE.a(sm_pdu.o)
                0x000000000000f3e8                smpBuildEncInfo
 .text.smpBuildMasterID
                0x000000000000f418       0x44 E:\WCH_Files\BLE-TEMP-SHT40-CH582F\BLE\LIB\libCH58xBLE.a(sm_pdu.o)
                0x000000000000f418                smpBuildMasterID
 .text.smpBuildIdentityInfo
                0x000000000000f45c       0x30 E:\WCH_Files\BLE-TEMP-SHT40-CH582F\BLE\LIB\libCH58xBLE.a(sm_pdu.o)
                0x000000000000f45c                smpBuildIdentityInfo
 .text.smpBuildIdentityAddrInfo
                0x000000000000f48c       0x3a E:\WCH_Files\BLE-TEMP-SHT40-CH582F\BLE\LIB\libCH58xBLE.a(sm_pdu.o)
                0x000000000000f48c                smpBuildIdentityAddrInfo
 .text.smpBuildSigningInfo
                0x000000000000f4c6       0x30 E:\WCH_Files\BLE-TEMP-SHT40-CH582F\BLE\LIB\libCH58xBLE.a(sm_pdu.o)
                0x000000000000f4c6                smpBuildSigningInfo
 .text.smpBuildPublicKey
                0x000000000000f4f6       0x32 E:\WCH_Files\BLE-TEMP-SHT40-CH582F\BLE\LIB\libCH58xBLE.a(sm_pdu.o)
                0x000000000000f4f6                smpBuildPublicKey
 .text.smpBuildDHKey
                0x000000000000f528       0x30 E:\WCH_Files\BLE-TEMP-SHT40-CH582F\BLE\LIB\libCH58xBLE.a(sm_pdu.o)
                0x000000000000f528                smpBuildDHKey
 .text.smpBuildPairingFailed
                0x000000000000f558       0x1a E:\WCH_Files\BLE-TEMP-SHT40-CH582F\BLE\LIB\libCH58xBLE.a(sm_pdu.o)
                0x000000000000f558                smpBuildPairingFailed
 .text.smpBuildSecurityReq
                0x000000000000f572       0x1a E:\WCH_Files\BLE-TEMP-SHT40-CH582F\BLE\LIB\libCH58xBLE.a(sm_pdu.o)
                0x000000000000f572                smpBuildSecurityReq
 .text.smGeneratePairingReq
                0x000000000000f58c       0x30 E:\WCH_Files\BLE-TEMP-SHT40-CH582F\BLE\LIB\libCH58xBLE.a(sm_pdu.o)
                0x000000000000f58c                smGeneratePairingReq
 .text.smGeneratePairingRsp
                0x000000000000f5bc       0x30 E:\WCH_Files\BLE-TEMP-SHT40-CH582F\BLE\LIB\libCH58xBLE.a(sm_pdu.o)
                0x000000000000f5bc                smGeneratePairingRsp
 .text.smGenerateConfirm
                0x000000000000f5ec       0x34 E:\WCH_Files\BLE-TEMP-SHT40-CH582F\BLE\LIB\libCH58xBLE.a(sm_pdu.o)
                0x000000000000f5ec                smGenerateConfirm
 .text.smGenerateRandMsg
                0x000000000000f620       0x34 E:\WCH_Files\BLE-TEMP-SHT40-CH582F\BLE\LIB\libCH58xBLE.a(sm_pdu.o)
                0x000000000000f620                smGenerateRandMsg
 .text.smGeneratePairingPublicKey
                0x000000000000f654       0x64 E:\WCH_Files\BLE-TEMP-SHT40-CH582F\BLE\LIB\libCH58xBLE.a(sm_pdu.o)
                0x000000000000f654                smGeneratePairingPublicKey
 .text.smGeneratePairingDHKeyCheck
                0x000000000000f6b8      0x250 E:\WCH_Files\BLE-TEMP-SHT40-CH582F\BLE\LIB\libCH58xBLE.a(sm_pdu.o)
                0x000000000000f6b8                smGeneratePairingDHKeyCheck
 .text.smPairingSendEncInfo
                0x000000000000f908       0x10 E:\WCH_Files\BLE-TEMP-SHT40-CH582F\BLE\LIB\libCH58xBLE.a(sm_pdu.o)
                0x000000000000f908                smPairingSendEncInfo
 .text.smPairingSendIdentityAddrInfo
                0x000000000000f918       0x38 E:\WCH_Files\BLE-TEMP-SHT40-CH582F\BLE\LIB\libCH58xBLE.a(sm_pdu.o)
                0x000000000000f918                smPairingSendIdentityAddrInfo
 .text.smPairingSendIdentityInfo
                0x000000000000f950       0x10 E:\WCH_Files\BLE-TEMP-SHT40-CH582F\BLE\LIB\libCH58xBLE.a(sm_pdu.o)
                0x000000000000f950                smPairingSendIdentityInfo
 .text.smPairingSendMasterID
                0x000000000000f960       0x38 E:\WCH_Files\BLE-TEMP-SHT40-CH582F\BLE\LIB\libCH58xBLE.a(sm_pdu.o)
                0x000000000000f960                smPairingSendMasterID
 .text.smPairingSendSingingInfo
                0x000000000000f998       0x10 E:\WCH_Files\BLE-TEMP-SHT40-CH582F\BLE\LIB\libCH58xBLE.a(sm_pdu.o)
                0x000000000000f998                smPairingSendSingingInfo
 .text.smResponderSendNextKeyInfo
                0x000000000000f9a8      0x2e6 E:\WCH_Files\BLE-TEMP-SHT40-CH582F\BLE\LIB\libCH58xBLE.a(sm_responding.o)
                0x000000000000f9a8                smResponderSendNextKeyInfo
 .text.smResponderProcessLTKReq
                0x000000000000fc8e      0x1b6 E:\WCH_Files\BLE-TEMP-SHT40-CH582F\BLE\LIB\libCH58xBLE.a(sm_responding.o)
                0x000000000000fc8e                smResponderProcessLTKReq
 .text.smpResponderProcessIncoming
                0x000000000000fe44      0x6f2 E:\WCH_Files\BLE-TEMP-SHT40-CH582F\BLE\LIB\libCH58xBLE.a(sm_responding.o)
                0x000000000000fe44                smpResponderProcessIncoming
 .text.xor_128  0x0000000000010536       0x28 E:\WCH_Files\BLE-TEMP-SHT40-CH582F\BLE\LIB\libCH58xBLE.a(sm_toolbox.o)
                0x0000000000010536                xor_128
 .text.leftshift_onebit
                0x000000000001055e       0x2e E:\WCH_Files\BLE-TEMP-SHT40-CH582F\BLE\LIB\libCH58xBLE.a(sm_toolbox.o)
                0x000000000001055e                leftshift_onebit
 .text.padding  0x000000000001058c       0x38 E:\WCH_Files\BLE-TEMP-SHT40-CH582F\BLE\LIB\libCH58xBLE.a(sm_toolbox.o)
                0x000000000001058c                padding
 .text.generate_subkey
                0x00000000000105c4       0xd4 E:\WCH_Files\BLE-TEMP-SHT40-CH582F\BLE\LIB\libCH58xBLE.a(sm_toolbox.o)
                0x00000000000105c4                generate_subkey
 .text.sm_xor   0x0000000000010698       0x24 E:\WCH_Files\BLE-TEMP-SHT40-CH582F\BLE\LIB\libCH58xBLE.a(sm_toolbox.o)
                0x0000000000010698                sm_xor
 .text.sm_ah    0x00000000000106bc       0x90 E:\WCH_Files\BLE-TEMP-SHT40-CH582F\BLE\LIB\libCH58xBLE.a(sm_toolbox.o)
                0x00000000000106bc                sm_ah
 .text.sm_c1new
                0x000000000001074c      0x144 E:\WCH_Files\BLE-TEMP-SHT40-CH582F\BLE\LIB\libCH58xBLE.a(sm_toolbox.o)
                0x000000000001074c                sm_c1new
 .text.sm_s1    0x0000000000010890       0x96 E:\WCH_Files\BLE-TEMP-SHT40-CH582F\BLE\LIB\libCH58xBLE.a(sm_toolbox.o)
                0x0000000000010890                sm_s1